running develop
running egg_info
writing hand_arm_task_runner.egg-info/PKG-INFO
writing dependency_links to hand_arm_task_runner.egg-info/dependency_links.txt
writing entry points to hand_arm_task_runner.egg-info/entry_points.txt
writing requirements to hand_arm_task_runner.egg-info/requires.txt
writing top-level names to hand_arm_task_runner.egg-info/top_level.txt
reading manifest file 'hand_arm_task_runner.egg-info/SOURCES.txt'
writing manifest file 'hand_arm_task_runner.egg-info/SOURCES.txt'
running build_ext
Creating /home/agiuser/Omnihand-2025-SDK/linux/x64/ros2/humble/install/lib/python3.10/site-packages/hand-arm-task-runner.egg-link (link to .)
Installing gui_app script to /home/agiuser/Omnihand-2025-SDK/linux/x64/ros2/humble/install/lib/hand_arm_task_runner
Installing playback_node script to /home/agiuser/Omnihand-2025-SDK/linux/x64/ros2/humble/install/lib/hand_arm_task_runner
Installing record_node script to /home/agiuser/Omnihand-2025-SDK/linux/x64/ros2/humble/install/lib/hand_arm_task_runner
Installing sequence_node script to /home/agiuser/Omnihand-2025-SDK/linux/x64/ros2/humble/install/lib/hand_arm_task_runner

Installed /home/agiuser/Omnihand-2025-SDK/linux/x64/ros2/humble/build/hand_arm_task_runner
running symlink_data
symbolically linking /home/agiuser/Omnihand-2025-SDK/linux/x64/ros2/humble/build/hand_arm_task_runner/resource/hand_arm_task_runner -> /home/agiuser/Omnihand-2025-SDK/linux/x64/ros2/humble/install/share/ament_index/resource_index/packages
symbolically linking /home/agiuser/Omnihand-2025-SDK/linux/x64/ros2/humble/build/hand_arm_task_runner/package.xml -> /home/agiuser/Omnihand-2025-SDK/linux/x64/ros2/humble/install/share/hand_arm_task_runner
symbolically linking /home/agiuser/Omnihand-2025-SDK/linux/x64/ros2/humble/build/hand_arm_task_runner/hook/ament_prefix_path.dsv -> /home/agiuser/Omnihand-2025-SDK/linux/x64/ros2/humble/install/share/hand_arm_task_runner/hook
