[0.752s] Invoking command in '/home/agiuser/Omnihand-2025-SDK/linux/x64/ros2/humble/build/hand_arm_task_runner': PYTHONPATH=/home/agiuser/Omnihand-2025-SDK/linux/x64/ros2/humble/build/hand_arm_task_runner/prefix_override:/usr/lib/python3/dist-packages/colcon_core/task/python/colcon_distutils_commands:/home/agiuser/Omnihand-2025-SDK/linux/x64/ros2/humble/install/lib/python3.10/site-packages:${PYTHONPATH} /usr/bin/python3 -W ignore:setup.py install is deprecated -W ignore:easy_install command is deprecated setup.py develop --editable --build-directory /home/agiuser/Omnihand-2025-SDK/linux/x64/ros2/humble/build/hand_arm_task_runner/build --no-deps symlink_data --force
[1.045s] running develop
[1.224s] running egg_info
[1.224s] writing hand_arm_task_runner.egg-info/PKG-INFO
[1.224s] writing dependency_links to hand_arm_task_runner.egg-info/dependency_links.txt
[1.224s] writing entry points to hand_arm_task_runner.egg-info/entry_points.txt
[1.224s] writing requirements to hand_arm_task_runner.egg-info/requires.txt
[1.225s] writing top-level names to hand_arm_task_runner.egg-info/top_level.txt
[1.226s] reading manifest file 'hand_arm_task_runner.egg-info/SOURCES.txt'
[1.227s] writing manifest file 'hand_arm_task_runner.egg-info/SOURCES.txt'
[1.228s] running build_ext
[1.228s] Creating /home/agiuser/Omnihand-2025-SDK/linux/x64/ros2/humble/install/lib/python3.10/site-packages/hand-arm-task-runner.egg-link (link to .)
[1.229s] Installing gui_app script to /home/agiuser/Omnihand-2025-SDK/linux/x64/ros2/humble/install/lib/hand_arm_task_runner
[1.229s] Installing playback_node script to /home/agiuser/Omnihand-2025-SDK/linux/x64/ros2/humble/install/lib/hand_arm_task_runner
[1.229s] Installing record_node script to /home/agiuser/Omnihand-2025-SDK/linux/x64/ros2/humble/install/lib/hand_arm_task_runner
[1.230s] Installing sequence_node script to /home/agiuser/Omnihand-2025-SDK/linux/x64/ros2/humble/install/lib/hand_arm_task_runner
[1.230s] 
[1.230s] Installed /home/agiuser/Omnihand-2025-SDK/linux/x64/ros2/humble/build/hand_arm_task_runner
[1.230s] running symlink_data
[1.230s] symbolically linking /home/agiuser/Omnihand-2025-SDK/linux/x64/ros2/humble/build/hand_arm_task_runner/resource/hand_arm_task_runner -> /home/agiuser/Omnihand-2025-SDK/linux/x64/ros2/humble/install/share/ament_index/resource_index/packages
[1.230s] symbolically linking /home/agiuser/Omnihand-2025-SDK/linux/x64/ros2/humble/build/hand_arm_task_runner/package.xml -> /home/agiuser/Omnihand-2025-SDK/linux/x64/ros2/humble/install/share/hand_arm_task_runner
[1.230s] symbolically linking /home/agiuser/Omnihand-2025-SDK/linux/x64/ros2/humble/build/hand_arm_task_runner/hook/ament_prefix_path.dsv -> /home/agiuser/Omnihand-2025-SDK/linux/x64/ros2/humble/install/share/hand_arm_task_runner/hook
[1.266s] Invoked command in '/home/agiuser/Omnihand-2025-SDK/linux/x64/ros2/humble/build/hand_arm_task_runner' returned '0': PYTHONPATH=/home/agiuser/Omnihand-2025-SDK/linux/x64/ros2/humble/build/hand_arm_task_runner/prefix_override:/usr/lib/python3/dist-packages/colcon_core/task/python/colcon_distutils_commands:/home/agiuser/Omnihand-2025-SDK/linux/x64/ros2/humble/install/lib/python3.10/site-packages:${PYTHONPATH} /usr/bin/python3 -W ignore:setup.py install is deprecated -W ignore:easy_install command is deprecated setup.py develop --editable --build-directory /home/agiuser/Omnihand-2025-SDK/linux/x64/ros2/humble/build/hand_arm_task_runner/build --no-deps symlink_data --force
