[0.000000] (-) TimerEvent: {}
[0.000105] (-) JobUnselected: {'identifier': 'omnihand_2025_node_msgs'}
[0.000136] (-) JobUnselected: {'identifier': 'omnihand_node'}
[0.000157] (-) JobUnselected: {'identifier': 'omnihand_pro_2025_node_msgs'}
[0.000177] (hand_arm_task_runner) JobQueued: {'identifier': 'hand_arm_task_runner', 'dependencies': OrderedDict()}
[0.002680] (hand_arm_task_runner) JobStarted: {'identifier': 'hand_arm_task_runner'}
[0.099836] (-) TimerEvent: {}
[0.200093] (-) TimerEvent: {}
[0.300306] (-) TimerEvent: {}
[0.402318] (-) TimerEvent: {}
[0.502533] (-) TimerEvent: {}
[0.602757] (-) TimerEvent: {}
[0.702975] (-) TimerEvent: {}
[0.749317] (hand_arm_task_runner) Command: {'cmd': ['/usr/bin/python3', '-W', 'ignore:setup.py install is deprecated', '-W', 'ignore:easy_install command is deprecated', 'setup.py', 'egg_info', '--egg-base', '../../build/hand_arm_task_runner', 'build', '--build-base', '/home/agiuser/Omnihand-2025-SDK/linux/x64/ros2/humble/build/hand_arm_task_runner/build', 'install', '--record', '/home/agiuser/Omnihand-2025-SDK/linux/x64/ros2/humble/build/hand_arm_task_runner/install.log', '--single-version-externally-managed', 'install_data'], 'cwd': '/home/agiuser/Omnihand-2025-SDK/linux/x64/ros2/humble/src/hand_arm_task_runner', 'env': {'GJS_DEBUG_TOPICS': 'JS ERROR;JS LOG', 'LESSOPEN': '| /usr/bin/lesspipe %s', 'VSCODE_CWD': '/home/agiuser', 'CURSOR_EXTENSION_HOST_ROLE': 'agent-exec', 'VSCODE_ESM_ENTRYPOINT': 'vs/workbench/api/node/extensionHostProcess', 'USER': 'agiuser', 'LC_TIME': 'zh_CN.UTF-8', 'VSCODE_NLS_CONFIG': '{"userLocale":"zh-cn","osLocale":"en-us","resolvedLanguage":"zh-cn","defaultMessagesFile":"/usr/share/cursor/resources/app/out/nls.messages.json","languagePack":{"translationsConfigFile":"/home/agiuser/.config/Cursor/clp/3bfb7f1471a52e527cfc1587dd57c7c1.zh-cn/tcf.json","messagesFile":"/home/agiuser/.config/Cursor/clp/3bfb7f1471a52e527cfc1587dd57c7c1.zh-cn/fea2f546c979a0a4ad1deab23552a43568807590/nls.messages.json","corruptMarkerFile":"/home/agiuser/.config/Cursor/clp/3bfb7f1471a52e527cfc1587dd57c7c1.zh-cn/corrupted.info"},"locale":"zh-cn","availableLanguages":{"*":"zh-cn"},"_languagePackId":"3bfb7f1471a52e527cfc1587dd57c7c1.zh-cn","_languagePackSupport":true,"_translationsConfigFile":"/home/agiuser/.config/Cursor/clp/3bfb7f1471a52e527cfc1587dd57c7c1.zh-cn/tcf.json","_cacheRoot":"/home/agiuser/.config/Cursor/clp/3bfb7f1471a52e527cfc1587dd57c7c1.zh-cn","_resolvedLanguagePackCoreLocation":"/home/agiuser/.config/Cursor/clp/3bfb7f1471a52e527cfc1587dd57c7c1.zh-cn/fea2f546c979a0a4ad1deab23552a43568807590","_corruptedFile":"/home/agiuser/.config/Cursor/clp/3bfb7f1471a52e527cfc1587dd57c7c1.zh-cn/corrupted.info"}', 'CI': '1', 'VSCODE_HANDLES_UNCAUGHT_ERRORS': 'true', 'XDG_SESSION_TYPE': 'x11', 'SHLVL': '1', 'LD_LIBRARY_PATH': '/home/agiuser/Omnihand-2025-SDK/linux/x64/ros2/humble/lib/omnihand_node:/home/agiuser/Omnihand-2025-SDK/linux/x64/ros2/humble/lib:/home/agiuser/Omnihand-2025-SDK/linux/x64/ros2/humble/lib/python3.10/site-packages/omnihand_2025_node_msgs:/home/agiuser/Omnihand-2025-SDK/linux/x64/ros2/humble/lib/python3.10/site-packages/omnihand_pro_2025_node_msgs:/home/agiuser/Omnihand-2025-SDK/linux/x64/ros2/humble/lib/omnihand_node:/home/agiuser/Omnihand-2025-SDK/linux/x64/ros2/humble/lib:/home/agiuser/Omnihand-2025-SDK/linux/x64/ros2/humble/lib/python3.10/site-packages/omnihand_2025_node_msgs:/home/agiuser/Omnihand-2025-SDK/linux/x64/ros2/humble/lib/python3.10/site-packages/omnihand_pro_2025_node_msgs:/home/agiuser/franka_ros2_ws/install/franka_robot_state_broadcaster/lib:/home/agiuser/franka_ros2_ws/install/franka_example_controllers/lib:/home/agiuser/franka_ros2_ws/install/franka_semantic_components/lib:/home/agiuser/franka_ros2_ws/install/franka_hardware/lib:/home/agiuser/franka_ros2_ws/install/franka_gripper/lib:/home/agiuser/franka_ros2_ws/install/libfranka/lib:/home/agiuser/franka_ros2_ws/install/franka_msgs/lib:/opt/ros/humble/opt/rviz_ogre_vendor/lib:/opt/ros/humble/lib/x86_64-linux-gnu:/opt/ros/humble/lib:/usr/lib/x86_64-linux-gnu/eagleaudit', 'HOME': '/home/agiuser', 'CHROME_DESKTOP': 'cursor.desktop', 'CONDA_SHLVL': '0', 'OLDPWD': '/home/agiuser/Omnihand-2025-SDK/linux/x64/ros2/humble', 'DESKTOP_SESSION': 'ubuntu', 'VSCODE_IPC_HOOK': '/run/user/1001/vscode-aa41c5d9-2.6.-main.sock', 'GIO_LAUNCHED_DESKTOP_FILE': '/usr/share/applications/cursor.desktop', 'ROS_PYTHON_VERSION': '3', 'GNOME_SHELL_SESSION_MODE': 'ubuntu', 'GTK_MODULES': 'gail:atk-bridge', 'LC_MONETARY': 'zh_CN.UTF-8', 'CURSOR_WORKSPACE_LABEL': 'Omnihand-2025-SDK', 'MANAGERPID': '4601', 'SYSTEMD_EXEC_PID': '4912', 'NO_COLOR': '1', 'DBUS_SESSION_BUS_ADDRESS': 'unix:path=/run/user/1001/bus', '_CE_M': '', '_CONDA_ROOT': '/home/agiuser/miniconda3', 'GIO_LAUNCHED_DESKTOP_FILE_PID': '14315', 'VSCODE_CRASH_REPORTER_PROCESS_TYPE': 'extensionHost', 'COLCON_PREFIX_PATH': '/home/agiuser/Omnihand-2025-SDK/linux/x64/ros2/humble/install:/home/agiuser/franka_ros2_ws/install', 'ROS_DISTRO': 'humble', 'GTK_IM_MODULE': 'ibus', 'LOGNAME': 'agiuser', 'FORCE_COLOR': '0', 'JOURNAL_STREAM': '8:38404', '_': '/usr/bin/colcon', 'ROS_VERSION': '2', 'PKG_CONFIG_PATH': '/home/agiuser/franka_ros2_ws/install/libfranka/lib/x86_64-linux-gnu/pkgconfig:/home/agiuser/franka_ros2_ws/install/libfranka/lib/pkgconfig', 'XDG_SESSION_CLASS': 'user', 'USERNAME': 'agiuser', 'TERM': 'dumb', 'GNOME_DESKTOP_SESSION_ID': 'this-is-deprecated', '_CE_CONDA': '', 'FC_FONTATIONS': '1', 'ROS_LOCALHOST_ONLY': '0', 'WINDOWPATH': '2', 'PATH': '/home/agiuser/.local/bin:/home/agiuser/Omnihand-2025-SDK/linux/x64/ros2/humble/lib/omnihand_node:/home/agiuser/.local/bin:/home/agiuser/Omnihand-2025-SDK/linux/x64/ros2/humble/lib/omnihand_node:/home/agiuser/franka_ros2_ws/install/libfranka/bin:/opt/ros/humble/bin:/home/agiuser/miniconda3/condabin:/home/agiuser/.local/bin:/usr/local/sbin:/usr/local/bin:/usr/sbin:/usr/bin:/sbin:/bin:/usr/games:/usr/local/games:/snap/bin:/snap/bin', 'SESSION_MANAGER': 'local/PF5C4P7H:@/tmp/.ICE-unix/4884,unix/PF5C4P7H:/tmp/.ICE-unix/4884', 'INVOCATION_ID': '58373a47e18e4099a9f15b8776e7d214', 'XDG_MENU_PREFIX': 'gnome-', 'LC_ADDRESS': 'zh_CN.UTF-8', 'VSCODE_PROCESS_TITLE': 'extension-host (agent-exec) Omnihand-2025-SDK [1-3]', 'XDG_RUNTIME_DIR': '/run/user/1001', 'GDK_BACKEND': 'x11', 'CURSOR_AGENT': '1', 'DISPLAY': ':1', 'LANG': 'en_US.UTF-8', 'XDG_CURRENT_DESKTOP': 'ubuntu:GNOME', 'LC_TELEPHONE': 'zh_CN.UTF-8', 'XMODIFIERS': '@im=ibus', 'XDG_SESSION_DESKTOP': 'ubuntu', 'XAUTHORITY': '/run/user/1001/gdm/Xauthority', 'LS_COLORS': '', 'CURSOR_TRACE_ID': '805ba5ffb2794137b99daebe1fbdc57b', 'SSH_AGENT_LAUNCHER': 'gnome-keyring', 'SSH_AUTH_SOCK': '/run/user/1001/keyring/ssh', 'AMENT_PREFIX_PATH': '/home/agiuser/Omnihand-2025-SDK/linux/x64/ros2/humble:/home/agiuser/Omnihand-2025-SDK/linux/x64/ros2/humble:/home/agiuser/franka_ros2_ws/install/franka_ros2:/home/agiuser/franka_ros2_ws/install/franka_gazebo_bringup:/home/agiuser/franka_ros2_ws/install/franka_mobile_sensors:/home/agiuser/franka_ros2_ws/install/olv_module_descriptions:/home/agiuser/franka_ros2_ws/install/franka_bringup:/home/agiuser/franka_ros2_ws/install/franka_robot_state_broadcaster:/home/agiuser/franka_ros2_ws/install/franka_example_controllers:/home/agiuser/franka_ros2_ws/install/franka_semantic_components:/home/agiuser/franka_ros2_ws/install/franka_fr3_moveit_config:/home/agiuser/franka_ros2_ws/install/franka_hardware:/home/agiuser/franka_ros2_ws/install/franka_gripper:/home/agiuser/franka_ros2_ws/install/franka_msgs:/home/agiuser/franka_ros2_ws/install/franka_description:/opt/ros/humble', 'CONDA_PYTHON_EXE': '/home/agiuser/miniconda3/bin/python', 'SHELL': '/bin/bash', 'LC_NAME': 'zh_CN.UTF-8', 'QT_ACCESSIBILITY': '1', 'GDMSESSION': 'ubuntu', 'LESSCLOSE': '/usr/bin/lesspipe %s %s', 'LC_MEASUREMENT': 'zh_CN.UTF-8', 'GPG_AGENT_INFO': '/run/user/1001/gnupg/S.gpg-agent:0:1', 'GJS_DEBUG_OUTPUT': 'stderr', '_CONDA_EXE': '/home/agiuser/miniconda3/bin/conda', 'LC_IDENTIFICATION': 'zh_CN.UTF-8', 'QT_IM_MODULE': 'ibus', 'PWD': '/home/agiuser/Omnihand-2025-SDK/linux/x64/ros2/humble/build/hand_arm_task_runner', 'LC_ALL': 'en_US.UTF-8', 'XDG_CONFIG_DIRS': '/etc/xdg/xdg-ubuntu:/etc/xdg', 'CONDA_EXE': '/home/agiuser/miniconda3/bin/conda', 'VSCODE_CODE_CACHE_PATH': '/home/agiuser/.config/Cursor/CachedData/fea2f546c979a0a4ad1deab23552a43568807590', 'XDG_DATA_DIRS': '/var/lib/flatpak/exports/share:/var/lib/flatpak/exports/share:/var/lib/flatpak/exports/share:/var/lib/flatpak/exports/share:/var/lib/flatpak/exports/share:/usr/share/ubuntu:/usr/share/gnome:/home/agiuser/.local/share/flatpak/exports/share:/var/lib/flatpak/exports/share:/usr/local/share/:/usr/share/:/var/lib/snapd/desktop', 'PYTHONPATH': '/home/agiuser/Omnihand-2025-SDK/linux/x64/ros2/humble/build/hand_arm_task_runner/prefix_override:/usr/lib/python3/dist-packages/colcon_core/task/python/colcon_distutils_commands:/home/agiuser/Omnihand-2025-SDK/linux/x64/ros2/humble/install/lib/python3.10/site-packages:/home/agiuser/Omnihand-2025-SDK/linux/x64/ros2/humble/install/hand_arm_task_runner/lib/python3.10/site-packages:/home/agiuser/Omnihand-2025-SDK/linux/x64/ros2/humble/lib/python3.10/site-packages:/home/agiuser/Omnihand-2025-SDK/linux/x64/ros2/humble/lib/python3.10/site-packages:/home/agiuser/franka_ros2_ws/install/franka_mobile_sensors/local/lib/python3.10/dist-packages:/home/agiuser/franka_ros2_ws/install/franka_bringup/local/lib/python3.10/dist-packages:/home/agiuser/franka_ros2_ws/install/franka_gripper/local/lib/python3.10/dist-packages:/home/agiuser/franka_ros2_ws/install/franka_msgs/local/lib/python3.10/dist-packages:/opt/ros/humble/lib/python3.10/site-packages:/opt/ros/humble/local/lib/python3.10/dist-packages', 'LC_NUMERIC': 'zh_CN.UTF-8', 'LC_PAPER': 'zh_CN.UTF-8', 'COLCON': '1', '_ZO_DOCTOR': '0', 'CMAKE_PREFIX_PATH': '/home/agiuser/Omnihand-2025-SDK/linux/x64/ros2/humble:/home/agiuser/Omnihand-2025-SDK/linux/x64/ros2/humble:/home/agiuser/franka_ros2_ws/install/franka_ros2:/home/agiuser/franka_ros2_ws/install/franka_gazebo_bringup:/home/agiuser/franka_ros2_ws/install/franka_mobile_sensors:/home/agiuser/franka_ros2_ws/install/olv_module_descriptions:/home/agiuser/franka_ros2_ws/install/franka_bringup:/home/agiuser/franka_ros2_ws/install/franka_robot_state_broadcaster:/home/agiuser/franka_ros2_ws/install/franka_example_controllers:/home/agiuser/franka_ros2_ws/install/franka_semantic_components:/home/agiuser/franka_ros2_ws/install/franka_fr3_moveit_config:/home/agiuser/franka_ros2_ws/install/franka_hardware:/home/agiuser/franka_ros2_ws/install/franka_gripper:/home/agiuser/franka_ros2_ws/install/libfranka:/home/agiuser/franka_ros2_ws/install/franka_msgs:/home/agiuser/franka_ros2_ws/install/franka_description', 'VSCODE_PID': '14315'}, 'shell': False}
[0.803089] (-) TimerEvent: {}
[0.903302] (-) TimerEvent: {}
[1.003517] (-) TimerEvent: {}
[1.030071] (hand_arm_task_runner) StdoutLine: {'line': b'running egg_info\n'}
[1.030377] (hand_arm_task_runner) StdoutLine: {'line': b'creating ../../build/hand_arm_task_runner/hand_arm_task_runner.egg-info\n'}
[1.030490] (hand_arm_task_runner) StdoutLine: {'line': b'writing ../../build/hand_arm_task_runner/hand_arm_task_runner.egg-info/PKG-INFO\n'}
[1.030599] (hand_arm_task_runner) StdoutLine: {'line': b'writing dependency_links to ../../build/hand_arm_task_runner/hand_arm_task_runner.egg-info/dependency_links.txt\n'}
[1.030731] (hand_arm_task_runner) StdoutLine: {'line': b'writing entry points to ../../build/hand_arm_task_runner/hand_arm_task_runner.egg-info/entry_points.txt\n'}
[1.031526] (hand_arm_task_runner) StdoutLine: {'line': b'writing requirements to ../../build/hand_arm_task_runner/hand_arm_task_runner.egg-info/requires.txt\n'}
[1.031657] (hand_arm_task_runner) StdoutLine: {'line': b'writing top-level names to ../../build/hand_arm_task_runner/hand_arm_task_runner.egg-info/top_level.txt\n'}
[1.031693] (hand_arm_task_runner) StdoutLine: {'line': b"writing manifest file '../../build/hand_arm_task_runner/hand_arm_task_runner.egg-info/SOURCES.txt'\n"}
[1.032655] (hand_arm_task_runner) StdoutLine: {'line': b"reading manifest file '../../build/hand_arm_task_runner/hand_arm_task_runner.egg-info/SOURCES.txt'\n"}
[1.033093] (hand_arm_task_runner) StdoutLine: {'line': b"writing manifest file '../../build/hand_arm_task_runner/hand_arm_task_runner.egg-info/SOURCES.txt'\n"}
[1.033176] (hand_arm_task_runner) StdoutLine: {'line': b'running build\n'}
[1.033207] (hand_arm_task_runner) StdoutLine: {'line': b'running build_py\n'}
[1.033337] (hand_arm_task_runner) StdoutLine: {'line': b'creating /home/agiuser/Omnihand-2025-SDK/linux/x64/ros2/humble/build/hand_arm_task_runner/build\n'}
[1.033378] (hand_arm_task_runner) StdoutLine: {'line': b'creating /home/agiuser/Omnihand-2025-SDK/linux/x64/ros2/humble/build/hand_arm_task_runner/build/lib\n'}
[1.033416] (hand_arm_task_runner) StdoutLine: {'line': b'creating /home/agiuser/Omnihand-2025-SDK/linux/x64/ros2/humble/build/hand_arm_task_runner/build/lib/hand_arm_task_runner\n'}
[1.033451] (hand_arm_task_runner) StdoutLine: {'line': b'copying hand_arm_task_runner/playback_node.py -> /home/agiuser/Omnihand-2025-SDK/linux/x64/ros2/humble/build/hand_arm_task_runner/build/lib/hand_arm_task_runner\n'}
[1.033552] (hand_arm_task_runner) StdoutLine: {'line': b'copying hand_arm_task_runner/joint_state_reader.py -> /home/agiuser/Omnihand-2025-SDK/linux/x64/ros2/humble/build/hand_arm_task_runner/build/lib/hand_arm_task_runner\n'}
[1.033608] (hand_arm_task_runner) StdoutLine: {'line': b'copying hand_arm_task_runner/record_node.py -> /home/agiuser/Omnihand-2025-SDK/linux/x64/ros2/humble/build/hand_arm_task_runner/build/lib/hand_arm_task_runner\n'}
[1.033655] (hand_arm_task_runner) StdoutLine: {'line': b'copying hand_arm_task_runner/models.py -> /home/agiuser/Omnihand-2025-SDK/linux/x64/ros2/humble/build/hand_arm_task_runner/build/lib/hand_arm_task_runner\n'}
[1.033690] (hand_arm_task_runner) StdoutLine: {'line': b'copying hand_arm_task_runner/sequence_node.py -> /home/agiuser/Omnihand-2025-SDK/linux/x64/ros2/humble/build/hand_arm_task_runner/build/lib/hand_arm_task_runner\n'}
[1.033769] (hand_arm_task_runner) StdoutLine: {'line': b'copying hand_arm_task_runner/__init__.py -> /home/agiuser/Omnihand-2025-SDK/linux/x64/ros2/humble/build/hand_arm_task_runner/build/lib/hand_arm_task_runner\n'}
[1.033811] (hand_arm_task_runner) StdoutLine: {'line': b'creating /home/agiuser/Omnihand-2025-SDK/linux/x64/ros2/humble/build/hand_arm_task_runner/build/lib/hand_arm_task_runner/adapters\n'}
[1.033850] (hand_arm_task_runner) StdoutLine: {'line': b'copying hand_arm_task_runner/adapters/franka_ptp_client.py -> /home/agiuser/Omnihand-2025-SDK/linux/x64/ros2/humble/build/hand_arm_task_runner/build/lib/hand_arm_task_runner/adapters\n'}
[1.033889] (hand_arm_task_runner) StdoutLine: {'line': b'copying hand_arm_task_runner/adapters/omnihand_client.py -> /home/agiuser/Omnihand-2025-SDK/linux/x64/ros2/humble/build/hand_arm_task_runner/build/lib/hand_arm_task_runner/adapters\n'}
[1.033987] (hand_arm_task_runner) StdoutLine: {'line': b'copying hand_arm_task_runner/adapters/__init__.py -> /home/agiuser/Omnihand-2025-SDK/linux/x64/ros2/humble/build/hand_arm_task_runner/build/lib/hand_arm_task_runner/adapters\n'}
[1.034023] (hand_arm_task_runner) StdoutLine: {'line': b'running install\n'}
[1.034229] (hand_arm_task_runner) StdoutLine: {'line': b'running install_lib\n'}
[1.034741] (hand_arm_task_runner) StdoutLine: {'line': b'creating /home/agiuser/Omnihand-2025-SDK/linux/x64/ros2/humble/install/lib/python3.10/site-packages/hand_arm_task_runner\n'}
[1.034793] (hand_arm_task_runner) StdoutLine: {'line': b'copying /home/agiuser/Omnihand-2025-SDK/linux/x64/ros2/humble/build/hand_arm_task_runner/build/lib/hand_arm_task_runner/playback_node.py -> /home/agiuser/Omnihand-2025-SDK/linux/x64/ros2/humble/install/lib/python3.10/site-packages/hand_arm_task_runner\n'}
[1.034926] (hand_arm_task_runner) StdoutLine: {'line': b'creating /home/agiuser/Omnihand-2025-SDK/linux/x64/ros2/humble/install/lib/python3.10/site-packages/hand_arm_task_runner/adapters\n'}
[1.034975] (hand_arm_task_runner) StdoutLine: {'line': b'copying /home/agiuser/Omnihand-2025-SDK/linux/x64/ros2/humble/build/hand_arm_task_runner/build/lib/hand_arm_task_runner/adapters/franka_ptp_client.py -> /home/agiuser/Omnihand-2025-SDK/linux/x64/ros2/humble/install/lib/python3.10/site-packages/hand_arm_task_runner/adapters\n'}
[1.035059] (hand_arm_task_runner) StdoutLine: {'line': b'copying /home/agiuser/Omnihand-2025-SDK/linux/x64/ros2/humble/build/hand_arm_task_runner/build/lib/hand_arm_task_runner/adapters/omnihand_client.py -> /home/agiuser/Omnihand-2025-SDK/linux/x64/ros2/humble/install/lib/python3.10/site-packages/hand_arm_task_runner/adapters\n'}
[1.035100] (hand_arm_task_runner) StdoutLine: {'line': b'copying /home/agiuser/Omnihand-2025-SDK/linux/x64/ros2/humble/build/hand_arm_task_runner/build/lib/hand_arm_task_runner/adapters/__init__.py -> /home/agiuser/Omnihand-2025-SDK/linux/x64/ros2/humble/install/lib/python3.10/site-packages/hand_arm_task_runner/adapters\n'}
[1.035966] (hand_arm_task_runner) StdoutLine: {'line': b'copying /home/agiuser/Omnihand-2025-SDK/linux/x64/ros2/humble/build/hand_arm_task_runner/build/lib/hand_arm_task_runner/joint_state_reader.py -> /home/agiuser/Omnihand-2025-SDK/linux/x64/ros2/humble/install/lib/python3.10/site-packages/hand_arm_task_runner\n'}
[1.036004] (hand_arm_task_runner) StdoutLine: {'line': b'copying /home/agiuser/Omnihand-2025-SDK/linux/x64/ros2/humble/build/hand_arm_task_runner/build/lib/hand_arm_task_runner/record_node.py -> /home/agiuser/Omnihand-2025-SDK/linux/x64/ros2/humble/install/lib/python3.10/site-packages/hand_arm_task_runner\n'}
[1.036138] (hand_arm_task_runner) StdoutLine: {'line': b'copying /home/agiuser/Omnihand-2025-SDK/linux/x64/ros2/humble/build/hand_arm_task_runner/build/lib/hand_arm_task_runner/models.py -> /home/agiuser/Omnihand-2025-SDK/linux/x64/ros2/humble/install/lib/python3.10/site-packages/hand_arm_task_runner\n'}
[1.036172] (hand_arm_task_runner) StdoutLine: {'line': b'copying /home/agiuser/Omnihand-2025-SDK/linux/x64/ros2/humble/build/hand_arm_task_runner/build/lib/hand_arm_task_runner/sequence_node.py -> /home/agiuser/Omnihand-2025-SDK/linux/x64/ros2/humble/install/lib/python3.10/site-packages/hand_arm_task_runner\n'}
[1.036200] (hand_arm_task_runner) StdoutLine: {'line': b'copying /home/agiuser/Omnihand-2025-SDK/linux/x64/ros2/humble/build/hand_arm_task_runner/build/lib/hand_arm_task_runner/__init__.py -> /home/agiuser/Omnihand-2025-SDK/linux/x64/ros2/humble/install/lib/python3.10/site-packages/hand_arm_task_runner\n'}
[1.036349] (hand_arm_task_runner) StdoutLine: {'line': b'byte-compiling /home/agiuser/Omnihand-2025-SDK/linux/x64/ros2/humble/install/lib/python3.10/site-packages/hand_arm_task_runner/playback_node.py to playback_node.cpython-310.pyc\n'}
[1.039187] (hand_arm_task_runner) StdoutLine: {'line': b'byte-compiling /home/agiuser/Omnihand-2025-SDK/linux/x64/ros2/humble/install/lib/python3.10/site-packages/hand_arm_task_runner/adapters/franka_ptp_client.py to franka_ptp_client.cpython-310.pyc\n'}
[1.039436] (hand_arm_task_runner) StdoutLine: {'line': b'byte-compiling /home/agiuser/Omnihand-2025-SDK/linux/x64/ros2/humble/install/lib/python3.10/site-packages/hand_arm_task_runner/adapters/omnihand_client.py to omnihand_client.cpython-310.pyc\n'}
[1.040174] (hand_arm_task_runner) StdoutLine: {'line': b'byte-compiling /home/agiuser/Omnihand-2025-SDK/linux/x64/ros2/humble/install/lib/python3.10/site-packages/hand_arm_task_runner/adapters/__init__.py to __init__.cpython-310.pyc\n'}
[1.040288] (hand_arm_task_runner) StdoutLine: {'line': b'byte-compiling /home/agiuser/Omnihand-2025-SDK/linux/x64/ros2/humble/install/lib/python3.10/site-packages/hand_arm_task_runner/joint_state_reader.py to joint_state_reader.cpython-310.pyc\n'}
[1.042104] (hand_arm_task_runner) StdoutLine: {'line': b'byte-compiling /home/agiuser/Omnihand-2025-SDK/linux/x64/ros2/humble/install/lib/python3.10/site-packages/hand_arm_task_runner/record_node.py to record_node.cpython-310.pyc\n'}
[1.042467] (hand_arm_task_runner) StdoutLine: {'line': b'byte-compiling /home/agiuser/Omnihand-2025-SDK/linux/x64/ros2/humble/install/lib/python3.10/site-packages/hand_arm_task_runner/models.py to models.cpython-310.pyc\n'}
[1.043080] (hand_arm_task_runner) StdoutLine: {'line': b'byte-compiling /home/agiuser/Omnihand-2025-SDK/linux/x64/ros2/humble/install/lib/python3.10/site-packages/hand_arm_task_runner/sequence_node.py to sequence_node.cpython-310.pyc\n'}
[1.043728] (hand_arm_task_runner) StdoutLine: {'line': b'byte-compiling /home/agiuser/Omnihand-2025-SDK/linux/x64/ros2/humble/install/lib/python3.10/site-packages/hand_arm_task_runner/__init__.py to __init__.cpython-310.pyc\n'}
[1.043869] (hand_arm_task_runner) StdoutLine: {'line': b'running install_data\n'}
[1.044095] (hand_arm_task_runner) StdoutLine: {'line': b'creating /home/agiuser/Omnihand-2025-SDK/linux/x64/ros2/humble/install/share\n'}
[1.044220] (hand_arm_task_runner) StdoutLine: {'line': b'creating /home/agiuser/Omnihand-2025-SDK/linux/x64/ros2/humble/install/share/ament_index\n'}
[1.044282] (hand_arm_task_runner) StdoutLine: {'line': b'creating /home/agiuser/Omnihand-2025-SDK/linux/x64/ros2/humble/install/share/ament_index/resource_index\n'}
[1.044338] (hand_arm_task_runner) StdoutLine: {'line': b'creating /home/agiuser/Omnihand-2025-SDK/linux/x64/ros2/humble/install/share/ament_index/resource_index/packages\n'}
[1.044390] (hand_arm_task_runner) StdoutLine: {'line': b'copying resource/hand_arm_task_runner -> /home/agiuser/Omnihand-2025-SDK/linux/x64/ros2/humble/install/share/ament_index/resource_index/packages\n'}
[1.044443] (hand_arm_task_runner) StdoutLine: {'line': b'creating /home/agiuser/Omnihand-2025-SDK/linux/x64/ros2/humble/install/share/hand_arm_task_runner\n'}
[1.044493] (hand_arm_task_runner) StdoutLine: {'line': b'copying package.xml -> /home/agiuser/Omnihand-2025-SDK/linux/x64/ros2/humble/install/share/hand_arm_task_runner\n'}
[1.044542] (hand_arm_task_runner) StdoutLine: {'line': b'creating /home/agiuser/Omnihand-2025-SDK/linux/x64/ros2/humble/install/share/hand_arm_task_runner/hook\n'}
[1.044591] (hand_arm_task_runner) StdoutLine: {'line': b'copying hook/ament_prefix_path.dsv -> /home/agiuser/Omnihand-2025-SDK/linux/x64/ros2/humble/install/share/hand_arm_task_runner/hook\n'}
[1.044640] (hand_arm_task_runner) StdoutLine: {'line': b'running install_egg_info\n'}
[1.045274] (hand_arm_task_runner) StdoutLine: {'line': b'Copying ../../build/hand_arm_task_runner/hand_arm_task_runner.egg-info to /home/agiuser/Omnihand-2025-SDK/linux/x64/ros2/humble/install/lib/python3.10/site-packages/hand_arm_task_runner-0.1.0-py3.10.egg-info\n'}
[1.045682] (hand_arm_task_runner) StdoutLine: {'line': b'running install_scripts\n'}
[1.071565] (hand_arm_task_runner) StdoutLine: {'line': b'Installing playback_node script to /home/agiuser/Omnihand-2025-SDK/linux/x64/ros2/humble/install/lib/hand_arm_task_runner\n'}
[1.071757] (hand_arm_task_runner) StdoutLine: {'line': b'Installing record_node script to /home/agiuser/Omnihand-2025-SDK/linux/x64/ros2/humble/install/lib/hand_arm_task_runner\n'}
[1.071910] (hand_arm_task_runner) StdoutLine: {'line': b'Installing sequence_node script to /home/agiuser/Omnihand-2025-SDK/linux/x64/ros2/humble/install/lib/hand_arm_task_runner\n'}
[1.072073] (hand_arm_task_runner) StdoutLine: {'line': b"writing list of installed files to '/home/agiuser/Omnihand-2025-SDK/linux/x64/ros2/humble/build/hand_arm_task_runner/install.log'\n"}
[1.103627] (-) TimerEvent: {}
[1.109098] (hand_arm_task_runner) CommandEnded: {'returncode': 0}
[1.129907] (hand_arm_task_runner) JobEnded: {'identifier': 'hand_arm_task_runner', 'rc': 0}
[1.130879] (-) EventReactorShutdown: {}
