[0.127s] DEBUG:colcon:Command line arguments: ['/usr/bin/colcon', 'build', '--merge-install', '--packages-select', 'hand_arm_task_runner']
[0.127s] DEBUG:colcon:Parsed command line arguments: Namespace(log_base=None, log_level=None, verb_name='build', build_base='build', install_base='install', merge_install=True, symlink_install=False, test_result_base=None, continue_on_error=False, executor='parallel', parallel_workers=18, event_handlers=None, ignore_user_meta=False, metas=['./colcon.meta'], base_paths=['.'], packages_ignore=None, packages_ignore_regex=None, paths=None, packages_up_to=None, packages_up_to_regex=None, packages_above=None, packages_above_and_dependencies=None, packages_above_depth=None, packages_select_by_dep=None, packages_skip_by_dep=None, packages_skip_up_to=None, packages_select_build_failed=False, packages_skip_build_finished=False, packages_select_test_failures=False, packages_skip_test_passed=False, packages_select=['hand_arm_task_runner'], packages_skip=None, packages_select_regex=None, packages_skip_regex=None, packages_start=None, packages_end=None, allow_overriding=[], cmake_args=None, cmake_target=None, cmake_target_skip_unavailable=False, cmake_clean_cache=False, cmake_clean_first=False, cmake_force_configure=False, ament_cmake_args=None, catkin_cmake_args=None, catkin_skip_building_tests=False, mixin_files=None, mixin=None, verb_parser=<colcon_mixin.mixin.mixin_argument.MixinArgumentDecorator object at 0x76bf0c6840d0>, verb_extension=<colcon_core.verb.build.BuildVerb object at 0x76bf0c647b20>, main=<bound method BuildVerb.main of <colcon_core.verb.build.BuildVerb object at 0x76bf0c647b20>>, mixin_verb=('build',))
[0.325s] Level 1:colcon.colcon_core.package_discovery:discover_packages(colcon_meta) check parameters
[0.325s] Level 1:colcon.colcon_core.package_discovery:discover_packages(recursive) check parameters
[0.325s] Level 1:colcon.colcon_core.package_discovery:discover_packages(ignore) check parameters
[0.325s] Level 1:colcon.colcon_core.package_discovery:discover_packages(path) check parameters
[0.325s] Level 1:colcon.colcon_core.package_discovery:discover_packages(colcon_meta) discover
[0.326s] Level 1:colcon.colcon_core.package_discovery:discover_packages(recursive) discover
[0.326s] INFO:colcon.colcon_core.package_discovery:Crawling recursively for packages in '/home/agiuser/Omnihand-2025-SDK/linux/x64/ros2/humble'
[0.326s] Level 1:colcon.colcon_core.package_identification:_identify(.) by extensions ['ignore', 'ignore_ament_install']
[0.326s] Level 1:colcon.colcon_core.package_identification:_identify(.) by extension 'ignore'
[0.326s] Level 1:colcon.colcon_core.package_identification:_identify(.) by extension 'ignore_ament_install'
[0.326s] Level 1:colcon.colcon_core.package_identification:_identify(.) by extensions ['colcon_pkg']
[0.326s] Level 1:colcon.colcon_core.package_identification:_identify(.) by extension 'colcon_pkg'
[0.326s] Level 1:colcon.colcon_core.package_identification:_identify(.) by extensions ['colcon_meta']
[0.326s] Level 1:colcon.colcon_core.package_identification:_identify(.) by extension 'colcon_meta'
[0.326s] Level 1:colcon.colcon_core.package_identification:_identify(.) by extensions ['ros']
[0.326s] Level 1:colcon.colcon_core.package_identification:_identify(.) by extension 'ros'
[0.376s] Level 1:colcon.colcon_core.package_identification:_identify(.) by extensions ['cmake', 'python']
[0.376s] Level 1:colcon.colcon_core.package_identification:_identify(.) by extension 'cmake'
[0.376s] Level 1:colcon.colcon_core.package_identification:_identify(.) by extension 'python'
[0.376s] Level 1:colcon.colcon_core.package_identification:_identify(.) by extensions ['python_setup_py']
[0.376s] Level 1:colcon.colcon_core.package_identification:_identify(.) by extension 'python_setup_py'
[0.376s] Level 1:colcon.colcon_core.package_identification:_identify(build) by extensions ['ignore', 'ignore_ament_install']
[0.376s] Level 1:colcon.colcon_core.package_identification:_identify(build) by extension 'ignore'
[0.376s] Level 1:colcon.colcon_core.package_identification:_identify(build) ignored
[0.377s] Level 1:colcon.colcon_core.package_identification:_identify(install) by extensions ['ignore', 'ignore_ament_install']
[0.377s] Level 1:colcon.colcon_core.package_identification:_identify(install) by extension 'ignore'
[0.377s] Level 1:colcon.colcon_core.package_identification:_identify(install) ignored
[0.377s] Level 1:colcon.colcon_core.package_identification:_identify(lib) by extensions ['ignore', 'ignore_ament_install']
[0.377s] Level 1:colcon.colcon_core.package_identification:_identify(lib) by extension 'ignore'
[0.377s] Level 1:colcon.colcon_core.package_identification:_identify(lib) by extension 'ignore_ament_install'
[0.377s] Level 1:colcon.colcon_core.package_identification:_identify(lib) by extensions ['colcon_pkg']
[0.377s] Level 1:colcon.colcon_core.package_identification:_identify(lib) by extension 'colcon_pkg'
[0.377s] Level 1:colcon.colcon_core.package_identification:_identify(lib) by extensions ['colcon_meta']
[0.377s] Level 1:colcon.colcon_core.package_identification:_identify(lib) by extension 'colcon_meta'
[0.377s] Level 1:colcon.colcon_core.package_identification:_identify(lib) by extensions ['ros']
[0.377s] Level 1:colcon.colcon_core.package_identification:_identify(lib) by extension 'ros'
[0.377s] Level 1:colcon.colcon_core.package_identification:_identify(lib) by extensions ['cmake', 'python']
[0.377s] Level 1:colcon.colcon_core.package_identification:_identify(lib) by extension 'cmake'
[0.377s] Level 1:colcon.colcon_core.package_identification:_identify(lib) by extension 'python'
[0.377s] Level 1:colcon.colcon_core.package_identification:_identify(lib) by extensions ['python_setup_py']
[0.377s] Level 1:colcon.colcon_core.package_identification:_identify(lib) by extension 'python_setup_py'
[0.377s] Level 1:colcon.colcon_core.package_identification:_identify(lib/omnihand_node) by extensions ['ignore', 'ignore_ament_install']
[0.377s] Level 1:colcon.colcon_core.package_identification:_identify(lib/omnihand_node) by extension 'ignore'
[0.377s] Level 1:colcon.colcon_core.package_identification:_identify(lib/omnihand_node) by extension 'ignore_ament_install'
[0.377s] Level 1:colcon.colcon_core.package_identification:_identify(lib/omnihand_node) by extensions ['colcon_pkg']
[0.378s] Level 1:colcon.colcon_core.package_identification:_identify(lib/omnihand_node) by extension 'colcon_pkg'
[0.378s] Level 1:colcon.colcon_core.package_identification:_identify(lib/omnihand_node) by extensions ['colcon_meta']
[0.378s] Level 1:colcon.colcon_core.package_identification:_identify(lib/omnihand_node) by extension 'colcon_meta'
[0.378s] Level 1:colcon.colcon_core.package_identification:_identify(lib/omnihand_node) by extensions ['ros']
[0.378s] Level 1:colcon.colcon_core.package_identification:_identify(lib/omnihand_node) by extension 'ros'
[0.378s] Level 1:colcon.colcon_core.package_identification:_identify(lib/omnihand_node) by extensions ['cmake', 'python']
[0.378s] Level 1:colcon.colcon_core.package_identification:_identify(lib/omnihand_node) by extension 'cmake'
[0.378s] Level 1:colcon.colcon_core.package_identification:_identify(lib/omnihand_node) by extension 'python'
[0.378s] Level 1:colcon.colcon_core.package_identification:_identify(lib/omnihand_node) by extensions ['python_setup_py']
[0.378s] Level 1:colcon.colcon_core.package_identification:_identify(lib/omnihand_node) by extension 'python_setup_py'
[0.378s] Level 1:colcon.colcon_core.package_identification:_identify(lib/python3.10) by extensions ['ignore', 'ignore_ament_install']
[0.378s] Level 1:colcon.colcon_core.package_identification:_identify(lib/python3.10) by extension 'ignore'
[0.378s] Level 1:colcon.colcon_core.package_identification:_identify(lib/python3.10) by extension 'ignore_ament_install'
[0.378s] Level 1:colcon.colcon_core.package_identification:_identify(lib/python3.10) by extensions ['colcon_pkg']
[0.378s] Level 1:colcon.colcon_core.package_identification:_identify(lib/python3.10) by extension 'colcon_pkg'
[0.378s] Level 1:colcon.colcon_core.package_identification:_identify(lib/python3.10) by extensions ['colcon_meta']
[0.378s] Level 1:colcon.colcon_core.package_identification:_identify(lib/python3.10) by extension 'colcon_meta'
[0.378s] Level 1:colcon.colcon_core.package_identification:_identify(lib/python3.10) by extensions ['ros']
[0.378s] Level 1:colcon.colcon_core.package_identification:_identify(lib/python3.10) by extension 'ros'
[0.378s] Level 1:colcon.colcon_core.package_identification:_identify(lib/python3.10) by extensions ['cmake', 'python']
[0.378s] Level 1:colcon.colcon_core.package_identification:_identify(lib/python3.10) by extension 'cmake'
[0.378s] Level 1:colcon.colcon_core.package_identification:_identify(lib/python3.10) by extension 'python'
[0.378s] Level 1:colcon.colcon_core.package_identification:_identify(lib/python3.10) by extensions ['python_setup_py']
[0.378s] Level 1:colcon.colcon_core.package_identification:_identify(lib/python3.10) by extension 'python_setup_py'
[0.378s] Level 1:colcon.colcon_core.package_identification:_identify(lib/python3.10/site-packages) by extensions ['ignore', 'ignore_ament_install']
[0.378s] Level 1:colcon.colcon_core.package_identification:_identify(lib/python3.10/site-packages) by extension 'ignore'
[0.378s] Level 1:colcon.colcon_core.package_identification:_identify(lib/python3.10/site-packages) by extension 'ignore_ament_install'
[0.378s] Level 1:colcon.colcon_core.package_identification:_identify(lib/python3.10/site-packages) by extensions ['colcon_pkg']
[0.378s] Level 1:colcon.colcon_core.package_identification:_identify(lib/python3.10/site-packages) by extension 'colcon_pkg'
[0.378s] Level 1:colcon.colcon_core.package_identification:_identify(lib/python3.10/site-packages) by extensions ['colcon_meta']
[0.378s] Level 1:colcon.colcon_core.package_identification:_identify(lib/python3.10/site-packages) by extension 'colcon_meta'
[0.378s] Level 1:colcon.colcon_core.package_identification:_identify(lib/python3.10/site-packages) by extensions ['ros']
[0.378s] Level 1:colcon.colcon_core.package_identification:_identify(lib/python3.10/site-packages) by extension 'ros'
[0.378s] Level 1:colcon.colcon_core.package_identification:_identify(lib/python3.10/site-packages) by extensions ['cmake', 'python']
[0.378s] Level 1:colcon.colcon_core.package_identification:_identify(lib/python3.10/site-packages) by extension 'cmake'
[0.378s] Level 1:colcon.colcon_core.package_identification:_identify(lib/python3.10/site-packages) by extension 'python'
[0.378s] Level 1:colcon.colcon_core.package_identification:_identify(lib/python3.10/site-packages) by extensions ['python_setup_py']
[0.378s] Level 1:colcon.colcon_core.package_identification:_identify(lib/python3.10/site-packages) by extension 'python_setup_py'
[0.378s] Level 1:colcon.colcon_core.package_identification:_identify(lib/python3.10/site-packages/omnihand_2025_node_msgs) by extensions ['ignore', 'ignore_ament_install']
[0.379s] Level 1:colcon.colcon_core.package_identification:_identify(lib/python3.10/site-packages/omnihand_2025_node_msgs) by extension 'ignore'
[0.379s] Level 1:colcon.colcon_core.package_identification:_identify(lib/python3.10/site-packages/omnihand_2025_node_msgs) by extension 'ignore_ament_install'
[0.379s] Level 1:colcon.colcon_core.package_identification:_identify(lib/python3.10/site-packages/omnihand_2025_node_msgs) by extensions ['colcon_pkg']
[0.379s] Level 1:colcon.colcon_core.package_identification:_identify(lib/python3.10/site-packages/omnihand_2025_node_msgs) by extension 'colcon_pkg'
[0.379s] Level 1:colcon.colcon_core.package_identification:_identify(lib/python3.10/site-packages/omnihand_2025_node_msgs) by extensions ['colcon_meta']
[0.379s] Level 1:colcon.colcon_core.package_identification:_identify(lib/python3.10/site-packages/omnihand_2025_node_msgs) by extension 'colcon_meta'
[0.379s] Level 1:colcon.colcon_core.package_identification:_identify(lib/python3.10/site-packages/omnihand_2025_node_msgs) by extensions ['ros']
[0.379s] Level 1:colcon.colcon_core.package_identification:_identify(lib/python3.10/site-packages/omnihand_2025_node_msgs) by extension 'ros'
[0.379s] Level 1:colcon.colcon_core.package_identification:_identify(lib/python3.10/site-packages/omnihand_2025_node_msgs) by extensions ['cmake', 'python']
[0.379s] Level 1:colcon.colcon_core.package_identification:_identify(lib/python3.10/site-packages/omnihand_2025_node_msgs) by extension 'cmake'
[0.379s] Level 1:colcon.colcon_core.package_identification:_identify(lib/python3.10/site-packages/omnihand_2025_node_msgs) by extension 'python'
[0.379s] Level 1:colcon.colcon_core.package_identification:_identify(lib/python3.10/site-packages/omnihand_2025_node_msgs) by extensions ['python_setup_py']
[0.379s] Level 1:colcon.colcon_core.package_identification:_identify(lib/python3.10/site-packages/omnihand_2025_node_msgs) by extension 'python_setup_py'
[0.379s] Level 1:colcon.colcon_core.package_identification:_identify(lib/python3.10/site-packages/omnihand_2025_node_msgs/__pycache__) by extensions ['ignore', 'ignore_ament_install']
[0.379s] Level 1:colcon.colcon_core.package_identification:_identify(lib/python3.10/site-packages/omnihand_2025_node_msgs/__pycache__) by extension 'ignore'
[0.379s] Level 1:colcon.colcon_core.package_identification:_identify(lib/python3.10/site-packages/omnihand_2025_node_msgs/__pycache__) by extension 'ignore_ament_install'
[0.379s] Level 1:colcon.colcon_core.package_identification:_identify(lib/python3.10/site-packages/omnihand_2025_node_msgs/__pycache__) by extensions ['colcon_pkg']
[0.379s] Level 1:colcon.colcon_core.package_identification:_identify(lib/python3.10/site-packages/omnihand_2025_node_msgs/__pycache__) by extension 'colcon_pkg'
[0.379s] Level 1:colcon.colcon_core.package_identification:_identify(lib/python3.10/site-packages/omnihand_2025_node_msgs/__pycache__) by extensions ['colcon_meta']
[0.379s] Level 1:colcon.colcon_core.package_identification:_identify(lib/python3.10/site-packages/omnihand_2025_node_msgs/__pycache__) by extension 'colcon_meta'
[0.379s] Level 1:colcon.colcon_core.package_identification:_identify(lib/python3.10/site-packages/omnihand_2025_node_msgs/__pycache__) by extensions ['ros']
[0.379s] Level 1:colcon.colcon_core.package_identification:_identify(lib/python3.10/site-packages/omnihand_2025_node_msgs/__pycache__) by extension 'ros'
[0.379s] Level 1:colcon.colcon_core.package_identification:_identify(lib/python3.10/site-packages/omnihand_2025_node_msgs/__pycache__) by extensions ['cmake', 'python']
[0.379s] Level 1:colcon.colcon_core.package_identification:_identify(lib/python3.10/site-packages/omnihand_2025_node_msgs/__pycache__) by extension 'cmake'
[0.379s] Level 1:colcon.colcon_core.package_identification:_identify(lib/python3.10/site-packages/omnihand_2025_node_msgs/__pycache__) by extension 'python'
[0.379s] Level 1:colcon.colcon_core.package_identification:_identify(lib/python3.10/site-packages/omnihand_2025_node_msgs/__pycache__) by extensions ['python_setup_py']
[0.379s] Level 1:colcon.colcon_core.package_identification:_identify(lib/python3.10/site-packages/omnihand_2025_node_msgs/__pycache__) by extension 'python_setup_py'
[0.379s] Level 1:colcon.colcon_core.package_identification:_identify(lib/python3.10/site-packages/omnihand_2025_node_msgs/msg) by extensions ['ignore', 'ignore_ament_install']
[0.379s] Level 1:colcon.colcon_core.package_identification:_identify(lib/python3.10/site-packages/omnihand_2025_node_msgs/msg) by extension 'ignore'
[0.379s] Level 1:colcon.colcon_core.package_identification:_identify(lib/python3.10/site-packages/omnihand_2025_node_msgs/msg) by extension 'ignore_ament_install'
[0.379s] Level 1:colcon.colcon_core.package_identification:_identify(lib/python3.10/site-packages/omnihand_2025_node_msgs/msg) by extensions ['colcon_pkg']
[0.379s] Level 1:colcon.colcon_core.package_identification:_identify(lib/python3.10/site-packages/omnihand_2025_node_msgs/msg) by extension 'colcon_pkg'
[0.379s] Level 1:colcon.colcon_core.package_identification:_identify(lib/python3.10/site-packages/omnihand_2025_node_msgs/msg) by extensions ['colcon_meta']
[0.379s] Level 1:colcon.colcon_core.package_identification:_identify(lib/python3.10/site-packages/omnihand_2025_node_msgs/msg) by extension 'colcon_meta'
[0.379s] Level 1:colcon.colcon_core.package_identification:_identify(lib/python3.10/site-packages/omnihand_2025_node_msgs/msg) by extensions ['ros']
[0.379s] Level 1:colcon.colcon_core.package_identification:_identify(lib/python3.10/site-packages/omnihand_2025_node_msgs/msg) by extension 'ros'
[0.379s] Level 1:colcon.colcon_core.package_identification:_identify(lib/python3.10/site-packages/omnihand_2025_node_msgs/msg) by extensions ['cmake', 'python']
[0.379s] Level 1:colcon.colcon_core.package_identification:_identify(lib/python3.10/site-packages/omnihand_2025_node_msgs/msg) by extension 'cmake'
[0.379s] Level 1:colcon.colcon_core.package_identification:_identify(lib/python3.10/site-packages/omnihand_2025_node_msgs/msg) by extension 'python'
[0.379s] Level 1:colcon.colcon_core.package_identification:_identify(lib/python3.10/site-packages/omnihand_2025_node_msgs/msg) by extensions ['python_setup_py']
[0.379s] Level 1:colcon.colcon_core.package_identification:_identify(lib/python3.10/site-packages/omnihand_2025_node_msgs/msg) by extension 'python_setup_py'
[0.380s] Level 1:colcon.colcon_core.package_identification:_identify(lib/python3.10/site-packages/omnihand_2025_node_msgs/srv) by extensions ['ignore', 'ignore_ament_install']
[0.380s] Level 1:colcon.colcon_core.package_identification:_identify(lib/python3.10/site-packages/omnihand_2025_node_msgs/srv) by extension 'ignore'
[0.380s] Level 1:colcon.colcon_core.package_identification:_identify(lib/python3.10/site-packages/omnihand_2025_node_msgs/srv) by extension 'ignore_ament_install'
[0.380s] Level 1:colcon.colcon_core.package_identification:_identify(lib/python3.10/site-packages/omnihand_2025_node_msgs/srv) by extensions ['colcon_pkg']
[0.380s] Level 1:colcon.colcon_core.package_identification:_identify(lib/python3.10/site-packages/omnihand_2025_node_msgs/srv) by extension 'colcon_pkg'
[0.380s] Level 1:colcon.colcon_core.package_identification:_identify(lib/python3.10/site-packages/omnihand_2025_node_msgs/srv) by extensions ['colcon_meta']
[0.380s] Level 1:colcon.colcon_core.package_identification:_identify(lib/python3.10/site-packages/omnihand_2025_node_msgs/srv) by extension 'colcon_meta'
[0.380s] Level 1:colcon.colcon_core.package_identification:_identify(lib/python3.10/site-packages/omnihand_2025_node_msgs/srv) by extensions ['ros']
[0.380s] Level 1:colcon.colcon_core.package_identification:_identify(lib/python3.10/site-packages/omnihand_2025_node_msgs/srv) by extension 'ros'
[0.380s] Level 1:colcon.colcon_core.package_identification:_identify(lib/python3.10/site-packages/omnihand_2025_node_msgs/srv) by extensions ['cmake', 'python']
[0.380s] Level 1:colcon.colcon_core.package_identification:_identify(lib/python3.10/site-packages/omnihand_2025_node_msgs/srv) by extension 'cmake'
[0.380s] Level 1:colcon.colcon_core.package_identification:_identify(lib/python3.10/site-packages/omnihand_2025_node_msgs/srv) by extension 'python'
[0.380s] Level 1:colcon.colcon_core.package_identification:_identify(lib/python3.10/site-packages/omnihand_2025_node_msgs/srv) by extensions ['python_setup_py']
[0.380s] Level 1:colcon.colcon_core.package_identification:_identify(lib/python3.10/site-packages/omnihand_2025_node_msgs/srv) by extension 'python_setup_py'
[0.380s] Level 1:colcon.colcon_core.package_identification:_identify(lib/python3.10/site-packages/omnihand_2025_node_msgs/srv/__pycache__) by extensions ['ignore', 'ignore_ament_install']
[0.380s] Level 1:colcon.colcon_core.package_identification:_identify(lib/python3.10/site-packages/omnihand_2025_node_msgs/srv/__pycache__) by extension 'ignore'
[0.380s] Level 1:colcon.colcon_core.package_identification:_identify(lib/python3.10/site-packages/omnihand_2025_node_msgs/srv/__pycache__) by extension 'ignore_ament_install'
[0.380s] Level 1:colcon.colcon_core.package_identification:_identify(lib/python3.10/site-packages/omnihand_2025_node_msgs/srv/__pycache__) by extensions ['colcon_pkg']
[0.380s] Level 1:colcon.colcon_core.package_identification:_identify(lib/python3.10/site-packages/omnihand_2025_node_msgs/srv/__pycache__) by extension 'colcon_pkg'
[0.380s] Level 1:colcon.colcon_core.package_identification:_identify(lib/python3.10/site-packages/omnihand_2025_node_msgs/srv/__pycache__) by extensions ['colcon_meta']
[0.380s] Level 1:colcon.colcon_core.package_identification:_identify(lib/python3.10/site-packages/omnihand_2025_node_msgs/srv/__pycache__) by extension 'colcon_meta'
[0.380s] Level 1:colcon.colcon_core.package_identification:_identify(lib/python3.10/site-packages/omnihand_2025_node_msgs/srv/__pycache__) by extensions ['ros']
[0.380s] Level 1:colcon.colcon_core.package_identification:_identify(lib/python3.10/site-packages/omnihand_2025_node_msgs/srv/__pycache__) by extension 'ros'
[0.380s] Level 1:colcon.colcon_core.package_identification:_identify(lib/python3.10/site-packages/omnihand_2025_node_msgs/srv/__pycache__) by extensions ['cmake', 'python']
[0.380s] Level 1:colcon.colcon_core.package_identification:_identify(lib/python3.10/site-packages/omnihand_2025_node_msgs/srv/__pycache__) by extension 'cmake'
[0.380s] Level 1:colcon.colcon_core.package_identification:_identify(lib/python3.10/site-packages/omnihand_2025_node_msgs/srv/__pycache__) by extension 'python'
[0.380s] Level 1:colcon.colcon_core.package_identification:_identify(lib/python3.10/site-packages/omnihand_2025_node_msgs/srv/__pycache__) by extensions ['python_setup_py']
[0.380s] Level 1:colcon.colcon_core.package_identification:_identify(lib/python3.10/site-packages/omnihand_2025_node_msgs/srv/__pycache__) by extension 'python_setup_py'
[0.380s] Level 1:colcon.colcon_core.package_identification:_identify(lib/python3.10/site-packages/omnihand_pro_2025_node_msgs) by extensions ['ignore', 'ignore_ament_install']
[0.380s] Level 1:colcon.colcon_core.package_identification:_identify(lib/python3.10/site-packages/omnihand_pro_2025_node_msgs) by extension 'ignore'
[0.380s] Level 1:colcon.colcon_core.package_identification:_identify(lib/python3.10/site-packages/omnihand_pro_2025_node_msgs) by extension 'ignore_ament_install'
[0.380s] Level 1:colcon.colcon_core.package_identification:_identify(lib/python3.10/site-packages/omnihand_pro_2025_node_msgs) by extensions ['colcon_pkg']
[0.380s] Level 1:colcon.colcon_core.package_identification:_identify(lib/python3.10/site-packages/omnihand_pro_2025_node_msgs) by extension 'colcon_pkg'
[0.380s] Level 1:colcon.colcon_core.package_identification:_identify(lib/python3.10/site-packages/omnihand_pro_2025_node_msgs) by extensions ['colcon_meta']
[0.380s] Level 1:colcon.colcon_core.package_identification:_identify(lib/python3.10/site-packages/omnihand_pro_2025_node_msgs) by extension 'colcon_meta'
[0.380s] Level 1:colcon.colcon_core.package_identification:_identify(lib/python3.10/site-packages/omnihand_pro_2025_node_msgs) by extensions ['ros']
[0.380s] Level 1:colcon.colcon_core.package_identification:_identify(lib/python3.10/site-packages/omnihand_pro_2025_node_msgs) by extension 'ros'
[0.380s] Level 1:colcon.colcon_core.package_identification:_identify(lib/python3.10/site-packages/omnihand_pro_2025_node_msgs) by extensions ['cmake', 'python']
[0.380s] Level 1:colcon.colcon_core.package_identification:_identify(lib/python3.10/site-packages/omnihand_pro_2025_node_msgs) by extension 'cmake'
[0.380s] Level 1:colcon.colcon_core.package_identification:_identify(lib/python3.10/site-packages/omnihand_pro_2025_node_msgs) by extension 'python'
[0.381s] Level 1:colcon.colcon_core.package_identification:_identify(lib/python3.10/site-packages/omnihand_pro_2025_node_msgs) by extensions ['python_setup_py']
[0.381s] Level 1:colcon.colcon_core.package_identification:_identify(lib/python3.10/site-packages/omnihand_pro_2025_node_msgs) by extension 'python_setup_py'
[0.381s] Level 1:colcon.colcon_core.package_identification:_identify(lib/python3.10/site-packages/omnihand_pro_2025_node_msgs/msg) by extensions ['ignore', 'ignore_ament_install']
[0.381s] Level 1:colcon.colcon_core.package_identification:_identify(lib/python3.10/site-packages/omnihand_pro_2025_node_msgs/msg) by extension 'ignore'
[0.381s] Level 1:colcon.colcon_core.package_identification:_identify(lib/python3.10/site-packages/omnihand_pro_2025_node_msgs/msg) by extension 'ignore_ament_install'
[0.381s] Level 1:colcon.colcon_core.package_identification:_identify(lib/python3.10/site-packages/omnihand_pro_2025_node_msgs/msg) by extensions ['colcon_pkg']
[0.381s] Level 1:colcon.colcon_core.package_identification:_identify(lib/python3.10/site-packages/omnihand_pro_2025_node_msgs/msg) by extension 'colcon_pkg'
[0.381s] Level 1:colcon.colcon_core.package_identification:_identify(lib/python3.10/site-packages/omnihand_pro_2025_node_msgs/msg) by extensions ['colcon_meta']
[0.381s] Level 1:colcon.colcon_core.package_identification:_identify(lib/python3.10/site-packages/omnihand_pro_2025_node_msgs/msg) by extension 'colcon_meta'
[0.381s] Level 1:colcon.colcon_core.package_identification:_identify(lib/python3.10/site-packages/omnihand_pro_2025_node_msgs/msg) by extensions ['ros']
[0.381s] Level 1:colcon.colcon_core.package_identification:_identify(lib/python3.10/site-packages/omnihand_pro_2025_node_msgs/msg) by extension 'ros'
[0.381s] Level 1:colcon.colcon_core.package_identification:_identify(lib/python3.10/site-packages/omnihand_pro_2025_node_msgs/msg) by extensions ['cmake', 'python']
[0.381s] Level 1:colcon.colcon_core.package_identification:_identify(lib/python3.10/site-packages/omnihand_pro_2025_node_msgs/msg) by extension 'cmake'
[0.381s] Level 1:colcon.colcon_core.package_identification:_identify(lib/python3.10/site-packages/omnihand_pro_2025_node_msgs/msg) by extension 'python'
[0.381s] Level 1:colcon.colcon_core.package_identification:_identify(lib/python3.10/site-packages/omnihand_pro_2025_node_msgs/msg) by extensions ['python_setup_py']
[0.381s] Level 1:colcon.colcon_core.package_identification:_identify(lib/python3.10/site-packages/omnihand_pro_2025_node_msgs/msg) by extension 'python_setup_py'
[0.381s] Level 1:colcon.colcon_core.package_identification:_identify(lib/python3.10/site-packages/omnihand_pro_2025_node_msgs/srv) by extensions ['ignore', 'ignore_ament_install']
[0.381s] Level 1:colcon.colcon_core.package_identification:_identify(lib/python3.10/site-packages/omnihand_pro_2025_node_msgs/srv) by extension 'ignore'
[0.381s] Level 1:colcon.colcon_core.package_identification:_identify(lib/python3.10/site-packages/omnihand_pro_2025_node_msgs/srv) by extension 'ignore_ament_install'
[0.381s] Level 1:colcon.colcon_core.package_identification:_identify(lib/python3.10/site-packages/omnihand_pro_2025_node_msgs/srv) by extensions ['colcon_pkg']
[0.381s] Level 1:colcon.colcon_core.package_identification:_identify(lib/python3.10/site-packages/omnihand_pro_2025_node_msgs/srv) by extension 'colcon_pkg'
[0.381s] Level 1:colcon.colcon_core.package_identification:_identify(lib/python3.10/site-packages/omnihand_pro_2025_node_msgs/srv) by extensions ['colcon_meta']
[0.381s] Level 1:colcon.colcon_core.package_identification:_identify(lib/python3.10/site-packages/omnihand_pro_2025_node_msgs/srv) by extension 'colcon_meta'
[0.381s] Level 1:colcon.colcon_core.package_identification:_identify(lib/python3.10/site-packages/omnihand_pro_2025_node_msgs/srv) by extensions ['ros']
[0.381s] Level 1:colcon.colcon_core.package_identification:_identify(lib/python3.10/site-packages/omnihand_pro_2025_node_msgs/srv) by extension 'ros'
[0.381s] Level 1:colcon.colcon_core.package_identification:_identify(lib/python3.10/site-packages/omnihand_pro_2025_node_msgs/srv) by extensions ['cmake', 'python']
[0.381s] Level 1:colcon.colcon_core.package_identification:_identify(lib/python3.10/site-packages/omnihand_pro_2025_node_msgs/srv) by extension 'cmake'
[0.381s] Level 1:colcon.colcon_core.package_identification:_identify(lib/python3.10/site-packages/omnihand_pro_2025_node_msgs/srv) by extension 'python'
[0.381s] Level 1:colcon.colcon_core.package_identification:_identify(lib/python3.10/site-packages/omnihand_pro_2025_node_msgs/srv) by extensions ['python_setup_py']
[0.381s] Level 1:colcon.colcon_core.package_identification:_identify(lib/python3.10/site-packages/omnihand_pro_2025_node_msgs/srv) by extension 'python_setup_py'
[0.381s] Level 1:colcon.colcon_core.package_identification:_identify(log) by extensions ['ignore', 'ignore_ament_install']
[0.381s] Level 1:colcon.colcon_core.package_identification:_identify(log) by extension 'ignore'
[0.381s] Level 1:colcon.colcon_core.package_identification:_identify(log) ignored
[0.381s] Level 1:colcon.colcon_core.package_identification:_identify(sequences) by extensions ['ignore', 'ignore_ament_install']
[0.381s] Level 1:colcon.colcon_core.package_identification:_identify(sequences) by extension 'ignore'
[0.381s] Level 1:colcon.colcon_core.package_identification:_identify(sequences) by extension 'ignore_ament_install'
[0.381s] Level 1:colcon.colcon_core.package_identification:_identify(sequences) by extensions ['colcon_pkg']
[0.382s] Level 1:colcon.colcon_core.package_identification:_identify(sequences) by extension 'colcon_pkg'
[0.382s] Level 1:colcon.colcon_core.package_identification:_identify(sequences) by extensions ['colcon_meta']
[0.382s] Level 1:colcon.colcon_core.package_identification:_identify(sequences) by extension 'colcon_meta'
[0.382s] Level 1:colcon.colcon_core.package_identification:_identify(sequences) by extensions ['ros']
[0.382s] Level 1:colcon.colcon_core.package_identification:_identify(sequences) by extension 'ros'
[0.382s] Level 1:colcon.colcon_core.package_identification:_identify(sequences) by extensions ['cmake', 'python']
[0.382s] Level 1:colcon.colcon_core.package_identification:_identify(sequences) by extension 'cmake'
[0.382s] Level 1:colcon.colcon_core.package_identification:_identify(sequences) by extension 'python'
[0.382s] Level 1:colcon.colcon_core.package_identification:_identify(sequences) by extensions ['python_setup_py']
[0.382s] Level 1:colcon.colcon_core.package_identification:_identify(sequences) by extension 'python_setup_py'
[0.382s] Level 1:colcon.colcon_core.package_identification:_identify(share) by extensions ['ignore', 'ignore_ament_install']
[0.382s] Level 1:colcon.colcon_core.package_identification:_identify(share) by extension 'ignore'
[0.382s] Level 1:colcon.colcon_core.package_identification:_identify(share) by extension 'ignore_ament_install'
[0.382s] Level 1:colcon.colcon_core.package_identification:_identify(share) by extensions ['colcon_pkg']
[0.382s] Level 1:colcon.colcon_core.package_identification:_identify(share) by extension 'colcon_pkg'
[0.382s] Level 1:colcon.colcon_core.package_identification:_identify(share) by extensions ['colcon_meta']
[0.382s] Level 1:colcon.colcon_core.package_identification:_identify(share) by extension 'colcon_meta'
[0.382s] Level 1:colcon.colcon_core.package_identification:_identify(share) by extensions ['ros']
[0.382s] Level 1:colcon.colcon_core.package_identification:_identify(share) by extension 'ros'
[0.382s] Level 1:colcon.colcon_core.package_identification:_identify(share) by extensions ['cmake', 'python']
[0.382s] Level 1:colcon.colcon_core.package_identification:_identify(share) by extension 'cmake'
[0.382s] Level 1:colcon.colcon_core.package_identification:_identify(share) by extension 'python'
[0.382s] Level 1:colcon.colcon_core.package_identification:_identify(share) by extensions ['python_setup_py']
[0.382s] Level 1:colcon.colcon_core.package_identification:_identify(share) by extension 'python_setup_py'
[0.382s] Level 1:colcon.colcon_core.package_identification:_identify(share/ament_index) by extensions ['ignore', 'ignore_ament_install']
[0.382s] Level 1:colcon.colcon_core.package_identification:_identify(share/ament_index) by extension 'ignore'
[0.382s] Level 1:colcon.colcon_core.package_identification:_identify(share/ament_index) by extension 'ignore_ament_install'
[0.382s] Level 1:colcon.colcon_core.package_identification:_identify(share/ament_index) by extensions ['colcon_pkg']
[0.382s] Level 1:colcon.colcon_core.package_identification:_identify(share/ament_index) by extension 'colcon_pkg'
[0.382s] Level 1:colcon.colcon_core.package_identification:_identify(share/ament_index) by extensions ['colcon_meta']
[0.382s] Level 1:colcon.colcon_core.package_identification:_identify(share/ament_index) by extension 'colcon_meta'
[0.382s] Level 1:colcon.colcon_core.package_identification:_identify(share/ament_index) by extensions ['ros']
[0.382s] Level 1:colcon.colcon_core.package_identification:_identify(share/ament_index) by extension 'ros'
[0.382s] Level 1:colcon.colcon_core.package_identification:_identify(share/ament_index) by extensions ['cmake', 'python']
[0.382s] Level 1:colcon.colcon_core.package_identification:_identify(share/ament_index) by extension 'cmake'
[0.382s] Level 1:colcon.colcon_core.package_identification:_identify(share/ament_index) by extension 'python'
[0.382s] Level 1:colcon.colcon_core.package_identification:_identify(share/ament_index) by extensions ['python_setup_py']
[0.382s] Level 1:colcon.colcon_core.package_identification:_identify(share/ament_index) by extension 'python_setup_py'
[0.382s] Level 1:colcon.colcon_core.package_identification:_identify(share/ament_index/resource_index) by extensions ['ignore', 'ignore_ament_install']
[0.383s] Level 1:colcon.colcon_core.package_identification:_identify(share/ament_index/resource_index) by extension 'ignore'
[0.383s] Level 1:colcon.colcon_core.package_identification:_identify(share/ament_index/resource_index) by extension 'ignore_ament_install'
[0.383s] Level 1:colcon.colcon_core.package_identification:_identify(share/ament_index/resource_index) by extensions ['colcon_pkg']
[0.383s] Level 1:colcon.colcon_core.package_identification:_identify(share/ament_index/resource_index) by extension 'colcon_pkg'
[0.383s] Level 1:colcon.colcon_core.package_identification:_identify(share/ament_index/resource_index) by extensions ['colcon_meta']
[0.383s] Level 1:colcon.colcon_core.package_identification:_identify(share/ament_index/resource_index) by extension 'colcon_meta'
[0.383s] Level 1:colcon.colcon_core.package_identification:_identify(share/ament_index/resource_index) by extensions ['ros']
[0.383s] Level 1:colcon.colcon_core.package_identification:_identify(share/ament_index/resource_index) by extension 'ros'
[0.383s] Level 1:colcon.colcon_core.package_identification:_identify(share/ament_index/resource_index) by extensions ['cmake', 'python']
[0.383s] Level 1:colcon.colcon_core.package_identification:_identify(share/ament_index/resource_index) by extension 'cmake'
[0.383s] Level 1:colcon.colcon_core.package_identification:_identify(share/ament_index/resource_index) by extension 'python'
[0.383s] Level 1:colcon.colcon_core.package_identification:_identify(share/ament_index/resource_index) by extensions ['python_setup_py']
[0.383s] Level 1:colcon.colcon_core.package_identification:_identify(share/ament_index/resource_index) by extension 'python_setup_py'
[0.384s] Level 1:colcon.colcon_core.package_identification:_identify(share/ament_index/resource_index/packages) by extensions ['ignore', 'ignore_ament_install']
[0.384s] Level 1:colcon.colcon_core.package_identification:_identify(share/ament_index/resource_index/packages) by extension 'ignore'
[0.384s] Level 1:colcon.colcon_core.package_identification:_identify(share/ament_index/resource_index/packages) by extension 'ignore_ament_install'
[0.384s] Level 1:colcon.colcon_core.package_identification:_identify(share/ament_index/resource_index/packages) by extensions ['colcon_pkg']
[0.384s] Level 1:colcon.colcon_core.package_identification:_identify(share/ament_index/resource_index/packages) by extension 'colcon_pkg'
[0.384s] Level 1:colcon.colcon_core.package_identification:_identify(share/ament_index/resource_index/packages) by extensions ['colcon_meta']
[0.384s] Level 1:colcon.colcon_core.package_identification:_identify(share/ament_index/resource_index/packages) by extension 'colcon_meta'
[0.384s] Level 1:colcon.colcon_core.package_identification:_identify(share/ament_index/resource_index/packages) by extensions ['ros']
[0.384s] Level 1:colcon.colcon_core.package_identification:_identify(share/ament_index/resource_index/packages) by extension 'ros'
[0.384s] Level 1:colcon.colcon_core.package_identification:_identify(share/ament_index/resource_index/packages) by extensions ['cmake', 'python']
[0.384s] Level 1:colcon.colcon_core.package_identification:_identify(share/ament_index/resource_index/packages) by extension 'cmake'
[0.384s] Level 1:colcon.colcon_core.package_identification:_identify(share/ament_index/resource_index/packages) by extension 'python'
[0.384s] Level 1:colcon.colcon_core.package_identification:_identify(share/ament_index/resource_index/packages) by extensions ['python_setup_py']
[0.384s] Level 1:colcon.colcon_core.package_identification:_identify(share/ament_index/resource_index/packages) by extension 'python_setup_py'
[0.384s] Level 1:colcon.colcon_core.package_identification:_identify(share/omnihand_2025_node_msgs) by extensions ['ignore', 'ignore_ament_install']
[0.384s] Level 1:colcon.colcon_core.package_identification:_identify(share/omnihand_2025_node_msgs) by extension 'ignore'
[0.384s] Level 1:colcon.colcon_core.package_identification:_identify(share/omnihand_2025_node_msgs) by extension 'ignore_ament_install'
[0.384s] Level 1:colcon.colcon_core.package_identification:_identify(share/omnihand_2025_node_msgs) by extensions ['colcon_pkg']
[0.384s] Level 1:colcon.colcon_core.package_identification:_identify(share/omnihand_2025_node_msgs) by extension 'colcon_pkg'
[0.384s] Level 1:colcon.colcon_core.package_identification:_identify(share/omnihand_2025_node_msgs) by extensions ['colcon_meta']
[0.384s] Level 1:colcon.colcon_core.package_identification:_identify(share/omnihand_2025_node_msgs) by extension 'colcon_meta'
[0.384s] Level 1:colcon.colcon_core.package_identification:_identify(share/omnihand_2025_node_msgs) by extensions ['ros']
[0.384s] Level 1:colcon.colcon_core.package_identification:_identify(share/omnihand_2025_node_msgs) by extension 'ros'
[0.389s] DEBUG:colcon.colcon_core.package_identification:Package 'share/omnihand_2025_node_msgs' with type 'ros.ament_cmake' and name 'omnihand_2025_node_msgs'
[0.389s] Level 1:colcon.colcon_core.package_identification:_identify(share/omnihand_node) by extensions ['ignore', 'ignore_ament_install']
[0.389s] Level 1:colcon.colcon_core.package_identification:_identify(share/omnihand_node) by extension 'ignore'
[0.389s] Level 1:colcon.colcon_core.package_identification:_identify(share/omnihand_node) by extension 'ignore_ament_install'
[0.389s] Level 1:colcon.colcon_core.package_identification:_identify(share/omnihand_node) by extensions ['colcon_pkg']
[0.389s] Level 1:colcon.colcon_core.package_identification:_identify(share/omnihand_node) by extension 'colcon_pkg'
[0.389s] Level 1:colcon.colcon_core.package_identification:_identify(share/omnihand_node) by extensions ['colcon_meta']
[0.389s] Level 1:colcon.colcon_core.package_identification:_identify(share/omnihand_node) by extension 'colcon_meta'
[0.389s] Level 1:colcon.colcon_core.package_identification:_identify(share/omnihand_node) by extensions ['ros']
[0.389s] Level 1:colcon.colcon_core.package_identification:_identify(share/omnihand_node) by extension 'ros'
[0.390s] DEBUG:colcon.colcon_core.package_identification:Package 'share/omnihand_node' with type 'ros.ament_cmake' and name 'omnihand_node'
[0.390s] Level 1:colcon.colcon_core.package_identification:_identify(share/omnihand_pro_2025_node_msgs) by extensions ['ignore', 'ignore_ament_install']
[0.390s] Level 1:colcon.colcon_core.package_identification:_identify(share/omnihand_pro_2025_node_msgs) by extension 'ignore'
[0.390s] Level 1:colcon.colcon_core.package_identification:_identify(share/omnihand_pro_2025_node_msgs) by extension 'ignore_ament_install'
[0.390s] Level 1:colcon.colcon_core.package_identification:_identify(share/omnihand_pro_2025_node_msgs) by extensions ['colcon_pkg']
[0.391s] Level 1:colcon.colcon_core.package_identification:_identify(share/omnihand_pro_2025_node_msgs) by extension 'colcon_pkg'
[0.391s] Level 1:colcon.colcon_core.package_identification:_identify(share/omnihand_pro_2025_node_msgs) by extensions ['colcon_meta']
[0.391s] Level 1:colcon.colcon_core.package_identification:_identify(share/omnihand_pro_2025_node_msgs) by extension 'colcon_meta'
[0.391s] Level 1:colcon.colcon_core.package_identification:_identify(share/omnihand_pro_2025_node_msgs) by extensions ['ros']
[0.391s] Level 1:colcon.colcon_core.package_identification:_identify(share/omnihand_pro_2025_node_msgs) by extension 'ros'
[0.391s] DEBUG:colcon.colcon_core.package_identification:Package 'share/omnihand_pro_2025_node_msgs' with type 'ros.ament_cmake' and name 'omnihand_pro_2025_node_msgs'
[0.391s] Level 1:colcon.colcon_core.package_identification:_identify(src) by extensions ['ignore', 'ignore_ament_install']
[0.391s] Level 1:colcon.colcon_core.package_identification:_identify(src) by extension 'ignore'
[0.391s] Level 1:colcon.colcon_core.package_identification:_identify(src) by extension 'ignore_ament_install'
[0.391s] Level 1:colcon.colcon_core.package_identification:_identify(src) by extensions ['colcon_pkg']
[0.391s] Level 1:colcon.colcon_core.package_identification:_identify(src) by extension 'colcon_pkg'
[0.391s] Level 1:colcon.colcon_core.package_identification:_identify(src) by extensions ['colcon_meta']
[0.391s] Level 1:colcon.colcon_core.package_identification:_identify(src) by extension 'colcon_meta'
[0.391s] Level 1:colcon.colcon_core.package_identification:_identify(src) by extensions ['ros']
[0.391s] Level 1:colcon.colcon_core.package_identification:_identify(src) by extension 'ros'
[0.391s] Level 1:colcon.colcon_core.package_identification:_identify(src) by extensions ['cmake', 'python']
[0.391s] Level 1:colcon.colcon_core.package_identification:_identify(src) by extension 'cmake'
[0.391s] Level 1:colcon.colcon_core.package_identification:_identify(src) by extension 'python'
[0.391s] Level 1:colcon.colcon_core.package_identification:_identify(src) by extensions ['python_setup_py']
[0.391s] Level 1:colcon.colcon_core.package_identification:_identify(src) by extension 'python_setup_py'
[0.391s] Level 1:colcon.colcon_core.package_identification:_identify(src/hand_arm_task_runner) by extensions ['ignore', 'ignore_ament_install']
[0.391s] Level 1:colcon.colcon_core.package_identification:_identify(src/hand_arm_task_runner) by extension 'ignore'
[0.391s] Level 1:colcon.colcon_core.package_identification:_identify(src/hand_arm_task_runner) by extension 'ignore_ament_install'
[0.391s] Level 1:colcon.colcon_core.package_identification:_identify(src/hand_arm_task_runner) by extensions ['colcon_pkg']
[0.391s] Level 1:colcon.colcon_core.package_identification:_identify(src/hand_arm_task_runner) by extension 'colcon_pkg'
[0.392s] Level 1:colcon.colcon_core.package_identification:_identify(src/hand_arm_task_runner) by extensions ['colcon_meta']
[0.392s] Level 1:colcon.colcon_core.package_identification:_identify(src/hand_arm_task_runner) by extension 'colcon_meta'
[0.392s] Level 1:colcon.colcon_core.package_identification:_identify(src/hand_arm_task_runner) by extensions ['ros']
[0.392s] Level 1:colcon.colcon_core.package_identification:_identify(src/hand_arm_task_runner) by extension 'ros'
[0.392s] DEBUG:colcon.colcon_core.package_identification:Failed to parse potential ROS package manifest in'src/hand_arm_task_runner': Error(s) in package 'src/hand_arm_task_runner/package.xml':
Invalid email "agiuser@localhost" for person "agiuser"
[0.392s] Level 1:colcon.colcon_core.package_identification:_identify(src/hand_arm_task_runner) by extensions ['cmake', 'python']
[0.392s] Level 1:colcon.colcon_core.package_identification:_identify(src/hand_arm_task_runner) by extension 'cmake'
[0.392s] Level 1:colcon.colcon_core.package_identification:_identify(src/hand_arm_task_runner) by extension 'python'
[0.392s] DEBUG:colcon.colcon_core.package_identification:Python package in 'src/hand_arm_task_runner' passes arguments to the setup() function which requires a different identification extension than 'python'
[0.392s] Level 1:colcon.colcon_core.package_identification:_identify(src/hand_arm_task_runner) by extensions ['python_setup_py']
[0.392s] Level 1:colcon.colcon_core.package_identification:_identify(src/hand_arm_task_runner) by extension 'python_setup_py'
[0.700s] DEBUG:colcon.colcon_core.package_identification:Package 'src/hand_arm_task_runner' with type 'python' and name 'hand_arm_task_runner'
[0.700s] Level 1:colcon.colcon_core.package_identification:_identify(waypoints) by extensions ['ignore', 'ignore_ament_install']
[0.700s] Level 1:colcon.colcon_core.package_identification:_identify(waypoints) by extension 'ignore'
[0.700s] Level 1:colcon.colcon_core.package_identification:_identify(waypoints) by extension 'ignore_ament_install'
[0.700s] Level 1:colcon.colcon_core.package_identification:_identify(waypoints) by extensions ['colcon_pkg']
[0.700s] Level 1:colcon.colcon_core.package_identification:_identify(waypoints) by extension 'colcon_pkg'
[0.700s] Level 1:colcon.colcon_core.package_identification:_identify(waypoints) by extensions ['colcon_meta']
[0.700s] Level 1:colcon.colcon_core.package_identification:_identify(waypoints) by extension 'colcon_meta'
[0.700s] Level 1:colcon.colcon_core.package_identification:_identify(waypoints) by extensions ['ros']
[0.700s] Level 1:colcon.colcon_core.package_identification:_identify(waypoints) by extension 'ros'
[0.700s] Level 1:colcon.colcon_core.package_identification:_identify(waypoints) by extensions ['cmake', 'python']
[0.700s] Level 1:colcon.colcon_core.package_identification:_identify(waypoints) by extension 'cmake'
[0.700s] Level 1:colcon.colcon_core.package_identification:_identify(waypoints) by extension 'python'
[0.700s] Level 1:colcon.colcon_core.package_identification:_identify(waypoints) by extensions ['python_setup_py']
[0.700s] Level 1:colcon.colcon_core.package_identification:_identify(waypoints) by extension 'python_setup_py'
[0.701s] Level 1:colcon.colcon_core.package_discovery:discover_packages(recursive) using defaults
[0.701s] Level 1:colcon.colcon_core.package_discovery:discover_packages(ignore) discover
[0.701s] Level 1:colcon.colcon_core.package_discovery:discover_packages(ignore) using defaults
[0.701s] Level 1:colcon.colcon_core.package_discovery:discover_packages(path) discover
[0.701s] Level 1:colcon.colcon_core.package_discovery:discover_packages(path) using defaults
[0.724s] INFO:colcon.colcon_core.package_selection:Skipping not selected package 'omnihand_2025_node_msgs' in 'share/omnihand_2025_node_msgs'
[0.724s] INFO:colcon.colcon_core.package_selection:Skipping not selected package 'omnihand_pro_2025_node_msgs' in 'share/omnihand_pro_2025_node_msgs'
[0.724s] INFO:colcon.colcon_core.package_selection:Skipping not selected package 'omnihand_node' in 'share/omnihand_node'
[0.724s] Level 1:colcon.colcon_core.package_discovery:discover_packages(prefix_path) check parameters
[0.724s] Level 1:colcon.colcon_core.package_discovery:discover_packages(prefix_path) discover
[0.725s] WARNING:colcon.colcon_ros.prefix_path.ament:The path '/home/agiuser/Omnihand-2025-SDK/linux/x64/ros2/humble' in the environment variable AMENT_PREFIX_PATH doesn't contain any 'local_setup.*' files.
[0.726s] DEBUG:colcon.colcon_installed_package_information.package_discovery:Found 0 installed packages in /home/agiuser/Omnihand-2025-SDK/linux/x64/ros2/humble/install
[0.727s] DEBUG:colcon.colcon_installed_package_information.package_discovery:Found 14 installed packages in /home/agiuser/franka_ros2_ws/install
[0.727s] DEBUG:colcon.colcon_installed_package_information.package_discovery:Found 344 installed packages in /opt/ros/humble
[0.729s] Level 1:colcon.colcon_core.package_discovery:discover_packages(prefix_path) using defaults
[0.773s] Level 5:colcon.colcon_core.verb:set package 'hand_arm_task_runner' build argument 'cmake_args' from command line to 'None'
[0.773s] Level 5:colcon.colcon_core.verb:set package 'hand_arm_task_runner' build argument 'cmake_target' from command line to 'None'
[0.773s] Level 5:colcon.colcon_core.verb:set package 'hand_arm_task_runner' build argument 'cmake_target_skip_unavailable' from command line to 'False'
[0.773s] Level 5:colcon.colcon_core.verb:set package 'hand_arm_task_runner' build argument 'cmake_clean_cache' from command line to 'False'
[0.773s] Level 5:colcon.colcon_core.verb:set package 'hand_arm_task_runner' build argument 'cmake_clean_first' from command line to 'False'
[0.773s] Level 5:colcon.colcon_core.verb:set package 'hand_arm_task_runner' build argument 'cmake_force_configure' from command line to 'False'
[0.773s] Level 5:colcon.colcon_core.verb:set package 'hand_arm_task_runner' build argument 'ament_cmake_args' from command line to 'None'
[0.773s] Level 5:colcon.colcon_core.verb:set package 'hand_arm_task_runner' build argument 'catkin_cmake_args' from command line to 'None'
[0.773s] Level 5:colcon.colcon_core.verb:set package 'hand_arm_task_runner' build argument 'catkin_skip_building_tests' from command line to 'False'
[0.773s] DEBUG:colcon.colcon_core.verb:Building package 'hand_arm_task_runner' with the following arguments: {'ament_cmake_args': None, 'build_base': '/home/agiuser/Omnihand-2025-SDK/linux/x64/ros2/humble/build/hand_arm_task_runner', 'catkin_cmake_args': None, 'catkin_skip_building_tests': False, 'cmake_args': None, 'cmake_clean_cache': False, 'cmake_clean_first': False, 'cmake_force_configure': False, 'cmake_target': None, 'cmake_target_skip_unavailable': False, 'install_base': '/home/agiuser/Omnihand-2025-SDK/linux/x64/ros2/humble/install', 'merge_install': True, 'path': '/home/agiuser/Omnihand-2025-SDK/linux/x64/ros2/humble/src/hand_arm_task_runner', 'symlink_install': False, 'test_result_base': None}
[0.773s] INFO:colcon.colcon_core.executor:Executing jobs using 'parallel' executor
[0.775s] DEBUG:colcon.colcon_parallel_executor.executor.parallel:run_until_complete
[0.777s] INFO:colcon.colcon_core.task.python.build:Building Python package in '/home/agiuser/Omnihand-2025-SDK/linux/x64/ros2/humble/src/hand_arm_task_runner'
[0.781s] INFO:colcon.colcon_core.plugin_system:Skipping extension 'colcon_core.shell.bat': Not used on non-Windows systems
[0.782s] INFO:colcon.colcon_core.shell:Skip shell extension 'powershell' for command environment: Not usable outside of PowerShell
[0.782s] DEBUG:colcon.colcon_core.shell:Skip shell extension 'dsv' for command environment
[1.528s] DEBUG:colcon.colcon_core.event_handler.log_command:Invoking command in '/home/agiuser/Omnihand-2025-SDK/linux/x64/ros2/humble/src/hand_arm_task_runner': PYTHONPATH=/home/agiuser/Omnihand-2025-SDK/linux/x64/ros2/humble/build/hand_arm_task_runner/prefix_override:/usr/lib/python3/dist-packages/colcon_core/task/python/colcon_distutils_commands:/home/agiuser/Omnihand-2025-SDK/linux/x64/ros2/humble/install/lib/python3.10/site-packages:${PYTHONPATH} /usr/bin/python3 -W ignore:setup.py install is deprecated -W ignore:easy_install command is deprecated setup.py egg_info --egg-base ../../build/hand_arm_task_runner build --build-base /home/agiuser/Omnihand-2025-SDK/linux/x64/ros2/humble/build/hand_arm_task_runner/build install --record /home/agiuser/Omnihand-2025-SDK/linux/x64/ros2/humble/build/hand_arm_task_runner/install.log --single-version-externally-managed install_data
[1.885s] DEBUG:colcon.colcon_core.event_handler.log_command:Invoked command in '/home/agiuser/Omnihand-2025-SDK/linux/x64/ros2/humble/src/hand_arm_task_runner' returned '0': PYTHONPATH=/home/agiuser/Omnihand-2025-SDK/linux/x64/ros2/humble/build/hand_arm_task_runner/prefix_override:/usr/lib/python3/dist-packages/colcon_core/task/python/colcon_distutils_commands:/home/agiuser/Omnihand-2025-SDK/linux/x64/ros2/humble/install/lib/python3.10/site-packages:${PYTHONPATH} /usr/bin/python3 -W ignore:setup.py install is deprecated -W ignore:easy_install command is deprecated setup.py egg_info --egg-base ../../build/hand_arm_task_runner build --build-base /home/agiuser/Omnihand-2025-SDK/linux/x64/ros2/humble/build/hand_arm_task_runner/build install --record /home/agiuser/Omnihand-2025-SDK/linux/x64/ros2/humble/build/hand_arm_task_runner/install.log --single-version-externally-managed install_data
[1.892s] Level 1:colcon.colcon_core.environment:checking '/home/agiuser/Omnihand-2025-SDK/linux/x64/ros2/humble/install' for CMake module files
[1.893s] Level 1:colcon.colcon_core.environment:checking '/home/agiuser/Omnihand-2025-SDK/linux/x64/ros2/humble/install' for CMake config files
[1.894s] Level 1:colcon.colcon_core.environment:checking '/home/agiuser/Omnihand-2025-SDK/linux/x64/ros2/humble/install/lib'
[1.895s] Level 1:colcon.colcon_core.environment:checking '/home/agiuser/Omnihand-2025-SDK/linux/x64/ros2/humble/install/bin'
[1.895s] Level 1:colcon.colcon_core.environment:checking '/home/agiuser/Omnihand-2025-SDK/linux/x64/ros2/humble/install/lib/pkgconfig/hand_arm_task_runner.pc'
[1.895s] Level 1:colcon.colcon_core.environment:checking '/home/agiuser/Omnihand-2025-SDK/linux/x64/ros2/humble/install/lib/python3.10/site-packages'
[1.895s] Level 1:colcon.colcon_core.shell:create_environment_hook('hand_arm_task_runner', 'pythonpath')
[1.895s] INFO:colcon.colcon_core.shell:Creating environment hook '/home/agiuser/Omnihand-2025-SDK/linux/x64/ros2/humble/install/share/hand_arm_task_runner/hook/pythonpath.ps1'
[1.897s] INFO:colcon.colcon_core.shell:Creating environment descriptor '/home/agiuser/Omnihand-2025-SDK/linux/x64/ros2/humble/install/share/hand_arm_task_runner/hook/pythonpath.dsv'
[1.898s] INFO:colcon.colcon_core.shell:Creating environment hook '/home/agiuser/Omnihand-2025-SDK/linux/x64/ros2/humble/install/share/hand_arm_task_runner/hook/pythonpath.sh'
[1.899s] Level 1:colcon.colcon_core.environment:checking '/home/agiuser/Omnihand-2025-SDK/linux/x64/ros2/humble/install/bin'
[1.899s] Level 1:colcon.colcon_core.environment:create_environment_scripts_only(hand_arm_task_runner)
[1.899s] INFO:colcon.colcon_core.shell:Creating package script '/home/agiuser/Omnihand-2025-SDK/linux/x64/ros2/humble/install/share/hand_arm_task_runner/package.ps1'
[1.901s] INFO:colcon.colcon_core.shell:Creating package descriptor '/home/agiuser/Omnihand-2025-SDK/linux/x64/ros2/humble/install/share/hand_arm_task_runner/package.dsv'
[1.901s] INFO:colcon.colcon_core.shell:Creating package script '/home/agiuser/Omnihand-2025-SDK/linux/x64/ros2/humble/install/share/hand_arm_task_runner/package.sh'
[1.903s] INFO:colcon.colcon_core.shell:Creating package script '/home/agiuser/Omnihand-2025-SDK/linux/x64/ros2/humble/install/share/hand_arm_task_runner/package.bash'
[1.904s] INFO:colcon.colcon_core.shell:Creating package script '/home/agiuser/Omnihand-2025-SDK/linux/x64/ros2/humble/install/share/hand_arm_task_runner/package.zsh'
[1.904s] Level 1:colcon.colcon_core.environment:create_file_with_runtime_dependencies(/home/agiuser/Omnihand-2025-SDK/linux/x64/ros2/humble/install/share/colcon-core/packages/hand_arm_task_runner)
[1.905s] DEBUG:colcon.colcon_parallel_executor.executor.parallel:closing loop
[1.905s] DEBUG:colcon.colcon_parallel_executor.executor.parallel:loop closed
[1.905s] DEBUG:colcon.colcon_parallel_executor.executor.parallel:run_until_complete finished with '0'
[1.905s] DEBUG:colcon.colcon_core.event_reactor:joining thread
[1.911s] INFO:colcon.colcon_core.plugin_system:Skipping extension 'colcon_notification.desktop_notification.terminal_notifier': Not used on non-Darwin systems
[1.911s] INFO:colcon.colcon_core.plugin_system:Skipping extension 'colcon_notification.desktop_notification.win32': Not used on non-Windows systems
[1.911s] INFO:colcon.colcon_notification.desktop_notification:Sending desktop notification using 'notify2'
[1.941s] DEBUG:colcon.colcon_core.event_reactor:joined thread
[1.941s] INFO:colcon.colcon_core.shell:Creating prefix script '/home/agiuser/Omnihand-2025-SDK/linux/x64/ros2/humble/install/local_setup.ps1'
[1.942s] INFO:colcon.colcon_core.shell:Creating prefix util module '/home/agiuser/Omnihand-2025-SDK/linux/x64/ros2/humble/install/_local_setup_util_ps1.py'
[1.943s] INFO:colcon.colcon_core.shell:Creating prefix chain script '/home/agiuser/Omnihand-2025-SDK/linux/x64/ros2/humble/install/setup.ps1'
[1.944s] INFO:colcon.colcon_core.shell:Creating prefix script '/home/agiuser/Omnihand-2025-SDK/linux/x64/ros2/humble/install/local_setup.sh'
[1.945s] INFO:colcon.colcon_core.shell:Creating prefix util module '/home/agiuser/Omnihand-2025-SDK/linux/x64/ros2/humble/install/_local_setup_util_sh.py'
[1.946s] INFO:colcon.colcon_core.shell:Creating prefix chain script '/home/agiuser/Omnihand-2025-SDK/linux/x64/ros2/humble/install/setup.sh'
[1.946s] INFO:colcon.colcon_core.shell:Creating prefix script '/home/agiuser/Omnihand-2025-SDK/linux/x64/ros2/humble/install/local_setup.bash'
[1.949s] INFO:colcon.colcon_core.shell:Creating prefix chain script '/home/agiuser/Omnihand-2025-SDK/linux/x64/ros2/humble/install/setup.bash'
[1.950s] INFO:colcon.colcon_core.shell:Creating prefix script '/home/agiuser/Omnihand-2025-SDK/linux/x64/ros2/humble/install/local_setup.zsh'
[1.951s] INFO:colcon.colcon_core.shell:Creating prefix chain script '/home/agiuser/Omnihand-2025-SDK/linux/x64/ros2/humble/install/setup.zsh'
