[0.828s] Invoking command in '/home/agiuser/Omnihand-2025-SDK/linux/x64/ros2/humble/src/hand_arm_task_runner': PYTHONPATH=/home/agiuser/Omnihand-2025-SDK/linux/x64/ros2/humble/build/hand_arm_task_runner/prefix_override:/usr/lib/python3/dist-packages/colcon_core/task/python/colcon_distutils_commands:/home/agiuser/Omnihand-2025-SDK/linux/x64/ros2/humble/install/lib/python3.10/site-packages:${PYTHONPATH} /usr/bin/python3 -W ignore:setup.py install is deprecated -W ignore:easy_install command is deprecated setup.py egg_info --egg-base ../../build/hand_arm_task_runner build --build-base /home/agiuser/Omnihand-2025-SDK/linux/x64/ros2/humble/build/hand_arm_task_runner/build install --record /home/agiuser/Omnihand-2025-SDK/linux/x64/ros2/humble/build/hand_arm_task_runner/install.log --single-version-externally-managed install_data
[1.106s] running egg_info
[1.107s] writing ../../build/hand_arm_task_runner/hand_arm_task_runner.egg-info/PKG-INFO
[1.107s] writing dependency_links to ../../build/hand_arm_task_runner/hand_arm_task_runner.egg-info/dependency_links.txt
[1.107s] writing entry points to ../../build/hand_arm_task_runner/hand_arm_task_runner.egg-info/entry_points.txt
[1.107s] writing requirements to ../../build/hand_arm_task_runner/hand_arm_task_runner.egg-info/requires.txt
[1.107s] writing top-level names to ../../build/hand_arm_task_runner/hand_arm_task_runner.egg-info/top_level.txt
[1.108s] reading manifest file '../../build/hand_arm_task_runner/hand_arm_task_runner.egg-info/SOURCES.txt'
[1.109s] writing manifest file '../../build/hand_arm_task_runner/hand_arm_task_runner.egg-info/SOURCES.txt'
[1.109s] running build
[1.109s] running build_py
[1.109s] copying hand_arm_task_runner/sequence_node.py -> /home/agiuser/Omnihand-2025-SDK/linux/x64/ros2/humble/build/hand_arm_task_runner/build/lib/hand_arm_task_runner
[1.109s] running install
[1.109s] running install_lib
[1.111s] copying /home/agiuser/Omnihand-2025-SDK/linux/x64/ros2/humble/build/hand_arm_task_runner/build/lib/hand_arm_task_runner/sequence_node.py -> /home/agiuser/Omnihand-2025-SDK/linux/x64/ros2/humble/install/lib/python3.10/site-packages/hand_arm_task_runner
[1.113s] byte-compiling /home/agiuser/Omnihand-2025-SDK/linux/x64/ros2/humble/install/lib/python3.10/site-packages/hand_arm_task_runner/sequence_node.py to sequence_node.cpython-310.pyc
[1.114s] running install_data
[1.115s] running install_egg_info
[1.116s] removing '/home/agiuser/Omnihand-2025-SDK/linux/x64/ros2/humble/install/lib/python3.10/site-packages/hand_arm_task_runner-0.1.0-py3.10.egg-info' (and everything under it)
[1.116s] Copying ../../build/hand_arm_task_runner/hand_arm_task_runner.egg-info to /home/agiuser/Omnihand-2025-SDK/linux/x64/ros2/humble/install/lib/python3.10/site-packages/hand_arm_task_runner-0.1.0-py3.10.egg-info
[1.116s] running install_scripts
[1.138s] Installing playback_node script to /home/agiuser/Omnihand-2025-SDK/linux/x64/ros2/humble/install/lib/hand_arm_task_runner
[1.138s] Installing record_node script to /home/agiuser/Omnihand-2025-SDK/linux/x64/ros2/humble/install/lib/hand_arm_task_runner
[1.138s] Installing sequence_node script to /home/agiuser/Omnihand-2025-SDK/linux/x64/ros2/humble/install/lib/hand_arm_task_runner
[1.138s] writing list of installed files to '/home/agiuser/Omnihand-2025-SDK/linux/x64/ros2/humble/build/hand_arm_task_runner/install.log'
[1.170s] Invoked command in '/home/agiuser/Omnihand-2025-SDK/linux/x64/ros2/humble/src/hand_arm_task_runner' returned '0': PYTHONPATH=/home/agiuser/Omnihand-2025-SDK/linux/x64/ros2/humble/build/hand_arm_task_runner/prefix_override:/usr/lib/python3/dist-packages/colcon_core/task/python/colcon_distutils_commands:/home/agiuser/Omnihand-2025-SDK/linux/x64/ros2/humble/install/lib/python3.10/site-packages:${PYTHONPATH} /usr/bin/python3 -W ignore:setup.py install is deprecated -W ignore:easy_install command is deprecated setup.py egg_info --egg-base ../../build/hand_arm_task_runner build --build-base /home/agiuser/Omnihand-2025-SDK/linux/x64/ros2/humble/build/hand_arm_task_runner/build install --record /home/agiuser/Omnihand-2025-SDK/linux/x64/ros2/humble/build/hand_arm_task_runner/install.log --single-version-externally-managed install_data
